c:\users\sofia\desktop\kth\årskurs 5\läsperiod 4\dh2670 haptisk och taktil interaktionsteknik\dh2670-haptic-minecraft\chai3d-3.3.0\lib\debug\x64\chai3d-bullet.pdb
c:\users\sofia\desktop\kth\årskurs 5\läsperiod 4\dh2670 haptisk och taktil interaktionsteknik\dh2670-haptic-minecraft\chai3d-3.3.0\obj\debug\x64\clew.obj
c:\users\sofia\desktop\kth\årskurs 5\läsperiod 4\dh2670 haptisk och taktil interaktionsteknik\dh2670-haptic-minecraft\chai3d-3.3.0\obj\debug\x64\btbroadphaseproxy.obj
c:\users\sofia\desktop\kth\årskurs 5\läsperiod 4\dh2670 haptisk och taktil interaktionsteknik\dh2670-haptic-minecraft\chai3d-3.3.0\obj\debug\x64\btbox2dbox2dcollisionalgorithm.obj
c:\users\sofia\desktop\kth\årskurs 5\läsperiod 4\dh2670 haptisk och taktil interaktionsteknik\dh2670-haptic-minecraft\chai3d-3.3.0\obj\debug\x64\btcompoundcompoundcollisionalgorithm.obj
c:\users\sofia\desktop\kth\årskurs 5\läsperiod 4\dh2670 haptisk och taktil interaktionsteknik\dh2670-haptic-minecraft\chai3d-3.3.0\obj\debug\x64\btghostobject.obj
c:\users\sofia\desktop\kth\årskurs 5\läsperiod 4\dh2670 haptisk och taktil interaktionsteknik\dh2670-haptic-minecraft\chai3d-3.3.0\obj\debug\x64\btunionfind.obj
c:\users\sofia\desktop\kth\årskurs 5\läsperiod 4\dh2670 haptisk och taktil interaktionsteknik\dh2670-haptic-minecraft\chai3d-3.3.0\obj\debug\x64\btboxshape.obj
c:\users\sofia\desktop\kth\årskurs 5\läsperiod 4\dh2670 haptisk och taktil interaktionsteknik\dh2670-haptic-minecraft\chai3d-3.3.0\obj\debug\x64\btconvexinternalshape.obj
c:\users\sofia\desktop\kth\årskurs 5\läsperiod 4\dh2670 haptisk och taktil interaktionsteknik\dh2670-haptic-minecraft\chai3d-3.3.0\obj\debug\x64\btemptyshape.obj
c:\users\sofia\desktop\kth\årskurs 5\läsperiod 4\dh2670 haptisk och taktil interaktionsteknik\dh2670-haptic-minecraft\chai3d-3.3.0\obj\debug\x64\btshapehull.obj
c:\users\sofia\desktop\kth\årskurs 5\läsperiod 4\dh2670 haptisk och taktil interaktionsteknik\dh2670-haptic-minecraft\chai3d-3.3.0\obj\debug\x64\bttrianglecallback.obj
c:\users\sofia\desktop\kth\årskurs 5\läsperiod 4\dh2670 haptisk och taktil interaktionsteknik\dh2670-haptic-minecraft\chai3d-3.3.0\obj\debug\x64\btgimpactbvh.obj
c:\users\sofia\desktop\kth\årskurs 5\läsperiod 4\dh2670 haptisk och taktil interaktionsteknik\dh2670-haptic-minecraft\chai3d-3.3.0\obj\debug\x64\gim_tri_collision.obj
c:\users\sofia\desktop\kth\årskurs 5\läsperiod 4\dh2670 haptisk och taktil interaktionsteknik\dh2670-haptic-minecraft\chai3d-3.3.0\obj\debug\x64\btminkowskipenetrationdepthsolver.obj
c:\users\sofia\desktop\kth\årskurs 5\läsperiod 4\dh2670 haptisk och taktil interaktionsteknik\dh2670-haptic-minecraft\chai3d-3.3.0\obj\debug\x64\btfixedconstraint.obj
c:\users\sofia\desktop\kth\årskurs 5\läsperiod 4\dh2670 haptisk och taktil interaktionsteknik\dh2670-haptic-minecraft\chai3d-3.3.0\obj\debug\x64\btnncgconstraintsolver.obj
c:\users\sofia\desktop\kth\årskurs 5\läsperiod 4\dh2670 haptisk och taktil interaktionsteknik\dh2670-haptic-minecraft\chai3d-3.3.0\obj\debug\x64\btrigidbody.obj
c:\users\sofia\desktop\kth\årskurs 5\läsperiod 4\dh2670 haptisk och taktil interaktionsteknik\dh2670-haptic-minecraft\chai3d-3.3.0\obj\debug\x64\btlemkealgorithm.obj
c:\users\sofia\desktop\kth\årskurs 5\läsperiod 4\dh2670 haptisk och taktil interaktionsteknik\dh2670-haptic-minecraft\chai3d-3.3.0\obj\debug\x64\btsoftsoftcollisionalgorithm.obj
c:\users\sofia\desktop\kth\årskurs 5\läsperiod 4\dh2670 haptisk och taktil interaktionsteknik\dh2670-haptic-minecraft\chai3d-3.3.0\obj\debug\x64\btquickprof.obj
c:\users\sofia\desktop\kth\årskurs 5\läsperiod 4\dh2670 haptisk och taktil interaktionsteknik\dh2670-haptic-minecraft\chai3d-3.3.0\obj\debug\x64\cbulletvehicle.obj
c:\users\sofia\desktop\kth\årskurs 5\läsperiod 4\dh2670 haptisk och taktil interaktionsteknik\dh2670-haptic-minecraft\chai3d-3.3.0\obj\debug\x64\btoverlappingpaircache.obj
c:\users\sofia\desktop\kth\årskurs 5\läsperiod 4\dh2670 haptisk och taktil interaktionsteknik\dh2670-haptic-minecraft\chai3d-3.3.0\obj\debug\x64\btcollisiondispatcher.obj
c:\users\sofia\desktop\kth\årskurs 5\läsperiod 4\dh2670 haptisk och taktil interaktionsteknik\dh2670-haptic-minecraft\chai3d-3.3.0\obj\debug\x64\btconvexconvexalgorithm.obj
c:\users\sofia\desktop\kth\årskurs 5\läsperiod 4\dh2670 haptisk och taktil interaktionsteknik\dh2670-haptic-minecraft\chai3d-3.3.0\obj\debug\x64\btspheretrianglecollisionalgorithm.obj
c:\users\sofia\desktop\kth\årskurs 5\läsperiod 4\dh2670 haptisk och taktil interaktionsteknik\dh2670-haptic-minecraft\chai3d-3.3.0\obj\debug\x64\btcompoundshape.obj
c:\users\sofia\desktop\kth\årskurs 5\läsperiod 4\dh2670 haptisk och taktil interaktionsteknik\dh2670-haptic-minecraft\chai3d-3.3.0\obj\debug\x64\btmultimaterialtrianglemeshshape.obj
c:\users\sofia\desktop\kth\årskurs 5\läsperiod 4\dh2670 haptisk och taktil interaktionsteknik\dh2670-haptic-minecraft\chai3d-3.3.0\obj\debug\x64\bttrianglebuffer.obj
c:\users\sofia\desktop\kth\årskurs 5\läsperiod 4\dh2670 haptisk och taktil interaktionsteknik\dh2670-haptic-minecraft\chai3d-3.3.0\obj\debug\x64\btgenericpoolallocator.obj
c:\users\sofia\desktop\kth\årskurs 5\läsperiod 4\dh2670 haptisk och taktil interaktionsteknik\dh2670-haptic-minecraft\chai3d-3.3.0\obj\debug\x64\btgimpactshape.obj
c:\users\sofia\desktop\kth\årskurs 5\läsperiod 4\dh2670 haptisk och taktil interaktionsteknik\dh2670-haptic-minecraft\chai3d-3.3.0\obj\debug\x64\btgjkpairdetector.obj
c:\users\sofia\desktop\kth\årskurs 5\läsperiod 4\dh2670 haptisk och taktil interaktionsteknik\dh2670-haptic-minecraft\chai3d-3.3.0\obj\debug\x64\btcontactconstraint.obj
c:\users\sofia\desktop\kth\årskurs 5\läsperiod 4\dh2670 haptisk och taktil interaktionsteknik\dh2670-haptic-minecraft\chai3d-3.3.0\obj\debug\x64\bthingeconstraint.obj
c:\users\sofia\desktop\kth\årskurs 5\läsperiod 4\dh2670 haptisk och taktil interaktionsteknik\dh2670-haptic-minecraft\chai3d-3.3.0\obj\debug\x64\btsimpledynamicsworld.obj
c:\users\sofia\desktop\kth\årskurs 5\läsperiod 4\dh2670 haptisk och taktil interaktionsteknik\dh2670-haptic-minecraft\chai3d-3.3.0\obj\debug\x64\btmultibodyjointlimitconstraint.obj
c:\users\sofia\desktop\kth\årskurs 5\läsperiod 4\dh2670 haptisk och taktil interaktionsteknik\dh2670-haptic-minecraft\chai3d-3.3.0\obj\debug\x64\btdefaultsoftbodysolver.obj
c:\users\sofia\desktop\kth\årskurs 5\läsperiod 4\dh2670 haptisk och taktil interaktionsteknik\dh2670-haptic-minecraft\chai3d-3.3.0\obj\debug\x64\btalignedallocator.obj
c:\users\sofia\desktop\kth\årskurs 5\läsperiod 4\dh2670 haptisk och taktil interaktionsteknik\dh2670-haptic-minecraft\chai3d-3.3.0\obj\debug\x64\btgeometryutil.obj
c:\users\sofia\desktop\kth\årskurs 5\läsperiod 4\dh2670 haptisk och taktil interaktionsteknik\dh2670-haptic-minecraft\chai3d-3.3.0\obj\debug\x64\cbulletmultimesh.obj
c:\users\sofia\desktop\kth\årskurs 5\läsperiod 4\dh2670 haptisk och taktil interaktionsteknik\dh2670-haptic-minecraft\chai3d-3.3.0\obj\debug\x64\btdbvt.obj
c:\users\sofia\desktop\kth\årskurs 5\läsperiod 4\dh2670 haptisk och taktil interaktionsteknik\dh2670-haptic-minecraft\chai3d-3.3.0\obj\debug\x64\btcollisionobject.obj
c:\users\sofia\desktop\kth\årskurs 5\läsperiod 4\dh2670 haptisk och taktil interaktionsteknik\dh2670-haptic-minecraft\chai3d-3.3.0\obj\debug\x64\btconvexplanecollisionalgorithm.obj
c:\users\sofia\desktop\kth\årskurs 5\läsperiod 4\dh2670 haptisk och taktil interaktionsteknik\dh2670-haptic-minecraft\chai3d-3.3.0\obj\debug\x64\btsimulationislandmanager.obj
c:\users\sofia\desktop\kth\årskurs 5\läsperiod 4\dh2670 haptisk och taktil interaktionsteknik\dh2670-haptic-minecraft\chai3d-3.3.0\obj\debug\x64\btbox2dshape.obj
c:\users\sofia\desktop\kth\årskurs 5\läsperiod 4\dh2670 haptisk och taktil interaktionsteknik\dh2670-haptic-minecraft\chai3d-3.3.0\obj\debug\x64\btconeshape.obj
c:\users\sofia\desktop\kth\årskurs 5\läsperiod 4\dh2670 haptisk och taktil interaktionsteknik\dh2670-haptic-minecraft\chai3d-3.3.0\obj\debug\x64\btconvexshape.obj
c:\users\sofia\desktop\kth\årskurs 5\läsperiod 4\dh2670 haptisk och taktil interaktionsteknik\dh2670-haptic-minecraft\chai3d-3.3.0\obj\debug\x64\btpolyhedralconvexshape.obj
c:\users\sofia\desktop\kth\årskurs 5\läsperiod 4\dh2670 haptisk och taktil interaktionsteknik\dh2670-haptic-minecraft\chai3d-3.3.0\obj\debug\x64\btstridingmeshinterface.obj
c:\users\sofia\desktop\kth\årskurs 5\läsperiod 4\dh2670 haptisk och taktil interaktionsteknik\dh2670-haptic-minecraft\chai3d-3.3.0\obj\debug\x64\btuniformscalingshape.obj
c:\users\sofia\desktop\kth\årskurs 5\läsperiod 4\dh2670 haptisk och taktil interaktionsteknik\dh2670-haptic-minecraft\chai3d-3.3.0\obj\debug\x64\btgimpactquantizedbvh.obj
c:\users\sofia\desktop\kth\årskurs 5\läsperiod 4\dh2670 haptisk och taktil interaktionsteknik\dh2670-haptic-minecraft\chai3d-3.3.0\obj\debug\x64\btcontinuousconvexcollision.obj
c:\users\sofia\desktop\kth\årskurs 5\läsperiod 4\dh2670 haptisk och taktil interaktionsteknik\dh2670-haptic-minecraft\chai3d-3.3.0\obj\debug\x64\btpolyhedralcontactclipping.obj
c:\users\sofia\desktop\kth\årskurs 5\läsperiod 4\dh2670 haptisk och taktil interaktionsteknik\dh2670-haptic-minecraft\chai3d-3.3.0\obj\debug\x64\btgeneric6dofspring2constraint.obj
c:\users\sofia\desktop\kth\årskurs 5\läsperiod 4\dh2670 haptisk och taktil interaktionsteknik\dh2670-haptic-minecraft\chai3d-3.3.0\obj\debug\x64\btsequentialimpulseconstraintsolver.obj
c:\users\sofia\desktop\kth\årskurs 5\läsperiod 4\dh2670 haptisk och taktil interaktionsteknik\dh2670-haptic-minecraft\chai3d-3.3.0\obj\debug\x64\btmultibody.obj
c:\users\sofia\desktop\kth\årskurs 5\läsperiod 4\dh2670 haptisk och taktil interaktionsteknik\dh2670-haptic-minecraft\chai3d-3.3.0\obj\debug\x64\btsoftbody.obj
c:\users\sofia\desktop\kth\årskurs 5\läsperiod 4\dh2670 haptisk och taktil interaktionsteknik\dh2670-haptic-minecraft\chai3d-3.3.0\obj\debug\x64\btconvexhullcomputer.obj
c:\users\sofia\desktop\kth\årskurs 5\läsperiod 4\dh2670 haptisk och taktil interaktionsteknik\dh2670-haptic-minecraft\chai3d-3.3.0\obj\debug\x64\cbulletstaticplane.obj
c:\users\sofia\desktop\kth\årskurs 5\läsperiod 4\dh2670 haptisk och taktil interaktionsteknik\dh2670-haptic-minecraft\chai3d-3.3.0\obj\debug\x64\btdispatcher.obj
c:\users\sofia\desktop\kth\årskurs 5\läsperiod 4\dh2670 haptisk och taktil interaktionsteknik\dh2670-haptic-minecraft\chai3d-3.3.0\obj\debug\x64\btactivatingcollisionalgorithm.obj
c:\users\sofia\desktop\kth\årskurs 5\läsperiod 4\dh2670 haptisk och taktil interaktionsteknik\dh2670-haptic-minecraft\chai3d-3.3.0\obj\debug\x64\btcollisionworldimporter.obj
c:\users\sofia\desktop\kth\årskurs 5\läsperiod 4\dh2670 haptisk och taktil interaktionsteknik\dh2670-haptic-minecraft\chai3d-3.3.0\obj\debug\x64\btemptycollisionalgorithm.obj
c:\users\sofia\desktop\kth\årskurs 5\läsperiod 4\dh2670 haptisk och taktil interaktionsteknik\dh2670-haptic-minecraft\chai3d-3.3.0\obj\debug\x64\bthashedsimplepaircache.obj
c:\users\sofia\desktop\kth\årskurs 5\läsperiod 4\dh2670 haptisk och taktil interaktionsteknik\dh2670-haptic-minecraft\chai3d-3.3.0\obj\debug\x64\spheretriangledetector.obj
c:\users\sofia\desktop\kth\årskurs 5\läsperiod 4\dh2670 haptisk och taktil interaktionsteknik\dh2670-haptic-minecraft\chai3d-3.3.0\obj\debug\x64\btcapsuleshape.obj
c:\users\sofia\desktop\kth\årskurs 5\läsperiod 4\dh2670 haptisk och taktil interaktionsteknik\dh2670-haptic-minecraft\chai3d-3.3.0\obj\debug\x64\btconvexpolyhedron.obj
c:\users\sofia\desktop\kth\årskurs 5\läsperiod 4\dh2670 haptisk och taktil interaktionsteknik\dh2670-haptic-minecraft\chai3d-3.3.0\obj\debug\x64\btminkowskisumshape.obj
c:\users\sofia\desktop\kth\årskurs 5\läsperiod 4\dh2670 haptisk och taktil interaktionsteknik\dh2670-haptic-minecraft\chai3d-3.3.0\obj\debug\x64\btstaticplaneshape.obj
c:\users\sofia\desktop\kth\årskurs 5\läsperiod 4\dh2670 haptisk och taktil interaktionsteknik\dh2670-haptic-minecraft\chai3d-3.3.0\obj\debug\x64\bttrianglemeshshape.obj
c:\users\sofia\desktop\kth\årskurs 5\läsperiod 4\dh2670 haptisk och taktil interaktionsteknik\dh2670-haptic-minecraft\chai3d-3.3.0\obj\debug\x64\gim_contact.obj
c:\users\sofia\desktop\kth\årskurs 5\läsperiod 4\dh2670 haptisk och taktil interaktionsteknik\dh2670-haptic-minecraft\chai3d-3.3.0\obj\debug\x64\btgjkconvexcast.obj
c:\users\sofia\desktop\kth\årskurs 5\läsperiod 4\dh2670 haptisk och taktil interaktionsteknik\dh2670-haptic-minecraft\chai3d-3.3.0\obj\debug\x64\btsubsimplexconvexcast.obj
c:\users\sofia\desktop\kth\årskurs 5\läsperiod 4\dh2670 haptisk och taktil interaktionsteknik\dh2670-haptic-minecraft\chai3d-3.3.0\obj\debug\x64\btgearconstraint.obj
c:\users\sofia\desktop\kth\årskurs 5\läsperiod 4\dh2670 haptisk och taktil interaktionsteknik\dh2670-haptic-minecraft\chai3d-3.3.0\obj\debug\x64\bttypedconstraint.obj
c:\users\sofia\desktop\kth\årskurs 5\läsperiod 4\dh2670 haptisk och taktil interaktionsteknik\dh2670-haptic-minecraft\chai3d-3.3.0\obj\debug\x64\btmultibodyjointmotor.obj
c:\users\sofia\desktop\kth\årskurs 5\läsperiod 4\dh2670 haptisk och taktil interaktionsteknik\dh2670-haptic-minecraft\chai3d-3.3.0\obj\debug\x64\btraycastvehicle.obj
c:\users\sofia\desktop\kth\årskurs 5\läsperiod 4\dh2670 haptisk och taktil interaktionsteknik\dh2670-haptic-minecraft\chai3d-3.3.0\obj\debug\x64\btsoftbodyrigidbodycollisionconfiguration.obj
c:\users\sofia\desktop\kth\årskurs 5\läsperiod 4\dh2670 haptisk och taktil interaktionsteknik\dh2670-haptic-minecraft\chai3d-3.3.0\obj\debug\x64\btpolardecomposition.obj
c:\users\sofia\desktop\kth\årskurs 5\läsperiod 4\dh2670 haptisk och taktil interaktionsteknik\dh2670-haptic-minecraft\chai3d-3.3.0\obj\debug\x64\cbulletbox.obj
c:\users\sofia\desktop\kth\årskurs 5\läsperiod 4\dh2670 haptisk och taktil interaktionsteknik\dh2670-haptic-minecraft\chai3d-3.3.0\obj\debug\x64\btaxissweep3.obj
c:\users\sofia\desktop\kth\årskurs 5\läsperiod 4\dh2670 haptisk och taktil interaktionsteknik\dh2670-haptic-minecraft\chai3d-3.3.0\obj\debug\x64\btsimplebroadphase.obj
c:\users\sofia\desktop\kth\årskurs 5\läsperiod 4\dh2670 haptisk och taktil interaktionsteknik\dh2670-haptic-minecraft\chai3d-3.3.0\obj\debug\x64\btcollisionworld.obj
c:\users\sofia\desktop\kth\årskurs 5\läsperiod 4\dh2670 haptisk och taktil interaktionsteknik\dh2670-haptic-minecraft\chai3d-3.3.0\obj\debug\x64\btinternaledgeutility.obj
c:\users\sofia\desktop\kth\årskurs 5\läsperiod 4\dh2670 haptisk och taktil interaktionsteknik\dh2670-haptic-minecraft\chai3d-3.3.0\obj\debug\x64\btconvex2dshape.obj
c:\users\sofia\desktop\kth\årskurs 5\läsperiod 4\dh2670 haptisk och taktil interaktionsteknik\dh2670-haptic-minecraft\chai3d-3.3.0\obj\debug\x64\btconvextrianglemeshshape.obj
c:\users\sofia\desktop\kth\årskurs 5\läsperiod 4\dh2670 haptisk och taktil interaktionsteknik\dh2670-haptic-minecraft\chai3d-3.3.0\obj\debug\x64\btscaledbvhtrianglemeshshape.obj
c:\users\sofia\desktop\kth\årskurs 5\läsperiod 4\dh2670 haptisk och taktil interaktionsteknik\dh2670-haptic-minecraft\chai3d-3.3.0\obj\debug\x64\bttrianglemesh.obj
c:\users\sofia\desktop\kth\årskurs 5\läsperiod 4\dh2670 haptisk och taktil interaktionsteknik\dh2670-haptic-minecraft\chai3d-3.3.0\obj\debug\x64\gim_box_set.obj
c:\users\sofia\desktop\kth\årskurs 5\läsperiod 4\dh2670 haptisk och taktil interaktionsteknik\dh2670-haptic-minecraft\chai3d-3.3.0\obj\debug\x64\btconvexcast.obj
c:\users\sofia\desktop\kth\årskurs 5\läsperiod 4\dh2670 haptisk och taktil interaktionsteknik\dh2670-haptic-minecraft\chai3d-3.3.0\obj\debug\x64\btraycastcallback.obj
c:\users\sofia\desktop\kth\årskurs 5\läsperiod 4\dh2670 haptisk och taktil interaktionsteknik\dh2670-haptic-minecraft\chai3d-3.3.0\obj\debug\x64\btgeneric6dofconstraint.obj
c:\users\sofia\desktop\kth\årskurs 5\läsperiod 4\dh2670 haptisk och taktil interaktionsteknik\dh2670-haptic-minecraft\chai3d-3.3.0\obj\debug\x64\btsliderconstraint.obj
c:\users\sofia\desktop\kth\årskurs 5\läsperiod 4\dh2670 haptisk och taktil interaktionsteknik\dh2670-haptic-minecraft\chai3d-3.3.0\obj\debug\x64\btmultibodyconstraint.obj
c:\users\sofia\desktop\kth\årskurs 5\läsperiod 4\dh2670 haptisk och taktil interaktionsteknik\dh2670-haptic-minecraft\chai3d-3.3.0\obj\debug\x64\btmultibodypoint2point.obj
c:\users\sofia\desktop\kth\årskurs 5\läsperiod 4\dh2670 haptisk och taktil interaktionsteknik\dh2670-haptic-minecraft\chai3d-3.3.0\obj\debug\x64\btsoftbodyhelpers.obj
c:\users\sofia\desktop\kth\årskurs 5\läsperiod 4\dh2670 haptisk och taktil interaktionsteknik\dh2670-haptic-minecraft\chai3d-3.3.0\obj\debug\x64\btvector3.obj
c:\users\sofia\desktop\kth\årskurs 5\läsperiod 4\dh2670 haptisk och taktil interaktionsteknik\dh2670-haptic-minecraft\chai3d-3.3.0\obj\debug\x64\cbulletmesh.obj
c:\users\sofia\desktop\kth\årskurs 5\läsperiod 4\dh2670 haptisk och taktil interaktionsteknik\dh2670-haptic-minecraft\chai3d-3.3.0\obj\debug\x64\btdbvtbroadphase.obj
c:\users\sofia\desktop\kth\årskurs 5\läsperiod 4\dh2670 haptisk och taktil interaktionsteknik\dh2670-haptic-minecraft\chai3d-3.3.0\obj\debug\x64\btboxboxcollisionalgorithm.obj
c:\users\sofia\desktop\kth\årskurs 5\läsperiod 4\dh2670 haptisk och taktil interaktionsteknik\dh2670-haptic-minecraft\chai3d-3.3.0\obj\debug\x64\btcompoundcollisionalgorithm.obj
c:\users\sofia\desktop\kth\årskurs 5\läsperiod 4\dh2670 haptisk och taktil interaktionsteknik\dh2670-haptic-minecraft\chai3d-3.3.0\obj\debug\x64\btdefaultcollisionconfiguration.obj
c:\users\sofia\desktop\kth\årskurs 5\läsperiod 4\dh2670 haptisk och taktil interaktionsteknik\dh2670-haptic-minecraft\chai3d-3.3.0\obj\debug\x64\btsphereboxcollisionalgorithm.obj
c:\users\sofia\desktop\kth\årskurs 5\läsperiod 4\dh2670 haptisk och taktil interaktionsteknik\dh2670-haptic-minecraft\chai3d-3.3.0\obj\debug\x64\btconcaveshape.obj
c:\users\sofia\desktop\kth\årskurs 5\läsperiod 4\dh2670 haptisk och taktil interaktionsteknik\dh2670-haptic-minecraft\chai3d-3.3.0\obj\debug\x64\btconvexpointcloudshape.obj
c:\users\sofia\desktop\kth\årskurs 5\läsperiod 4\dh2670 haptisk och taktil interaktionsteknik\dh2670-haptic-minecraft\chai3d-3.3.0\obj\debug\x64\btmultisphereshape.obj
c:\users\sofia\desktop\kth\årskurs 5\läsperiod 4\dh2670 haptisk och taktil interaktionsteknik\dh2670-haptic-minecraft\chai3d-3.3.0\obj\debug\x64\bttriangleindexvertexarray.obj
c:\users\sofia\desktop\kth\årskurs 5\läsperiod 4\dh2670 haptisk och taktil interaktionsteknik\dh2670-haptic-minecraft\chai3d-3.3.0\obj\debug\x64\bttriangleshapeex.obj
c:\users\sofia\desktop\kth\årskurs 5\läsperiod 4\dh2670 haptisk och taktil interaktionsteknik\dh2670-haptic-minecraft\chai3d-3.3.0\obj\debug\x64\btgjkepapenetrationdepthsolver.obj
c:\users\sofia\desktop\kth\årskurs 5\läsperiod 4\dh2670 haptisk och taktil interaktionsteknik\dh2670-haptic-minecraft\chai3d-3.3.0\obj\debug\x64\btkinematiccharactercontroller.obj
c:\users\sofia\desktop\kth\årskurs 5\läsperiod 4\dh2670 haptisk och taktil interaktionsteknik\dh2670-haptic-minecraft\chai3d-3.3.0\obj\debug\x64\btpoint2pointconstraint.obj
c:\users\sofia\desktop\kth\årskurs 5\läsperiod 4\dh2670 haptisk och taktil interaktionsteknik\dh2670-haptic-minecraft\chai3d-3.3.0\obj\debug\x64\btdiscretedynamicsworld.obj
c:\users\sofia\desktop\kth\årskurs 5\läsperiod 4\dh2670 haptisk och taktil interaktionsteknik\dh2670-haptic-minecraft\chai3d-3.3.0\obj\debug\x64\btdantziglcp.obj
c:\users\sofia\desktop\kth\årskurs 5\läsperiod 4\dh2670 haptisk och taktil interaktionsteknik\dh2670-haptic-minecraft\chai3d-3.3.0\obj\debug\x64\btsoftbodyconcavecollisionalgorithm.obj
c:\users\sofia\desktop\kth\årskurs 5\läsperiod 4\dh2670 haptisk och taktil interaktionsteknik\dh2670-haptic-minecraft\chai3d-3.3.0\obj\debug\x64\btconvexhull.obj
c:\users\sofia\desktop\kth\årskurs 5\läsperiod 4\dh2670 haptisk och taktil interaktionsteknik\dh2670-haptic-minecraft\chai3d-3.3.0\obj\debug\x64\cbulletsphere.obj
c:\users\sofia\desktop\kth\årskurs 5\läsperiod 4\dh2670 haptisk och taktil interaktionsteknik\dh2670-haptic-minecraft\chai3d-3.3.0\obj\debug\x64\cbulletworld.obj
c:\users\sofia\desktop\kth\årskurs 5\läsperiod 4\dh2670 haptisk och taktil interaktionsteknik\dh2670-haptic-minecraft\chai3d-3.3.0\obj\debug\x64\btmultisapbroadphase.obj
c:\users\sofia\desktop\kth\årskurs 5\läsperiod 4\dh2670 haptisk och taktil interaktionsteknik\dh2670-haptic-minecraft\chai3d-3.3.0\obj\debug\x64\btboxboxdetector.obj
c:\users\sofia\desktop\kth\årskurs 5\läsperiod 4\dh2670 haptisk och taktil interaktionsteknik\dh2670-haptic-minecraft\chai3d-3.3.0\obj\debug\x64\btconvex2dconvex2dalgorithm.obj
c:\users\sofia\desktop\kth\årskurs 5\läsperiod 4\dh2670 haptisk och taktil interaktionsteknik\dh2670-haptic-minecraft\chai3d-3.3.0\obj\debug\x64\btspherespherecollisionalgorithm.obj
c:\users\sofia\desktop\kth\årskurs 5\läsperiod 4\dh2670 haptisk och taktil interaktionsteknik\dh2670-haptic-minecraft\chai3d-3.3.0\obj\debug\x64\btcollisionshape.obj
c:\users\sofia\desktop\kth\årskurs 5\läsperiod 4\dh2670 haptisk och taktil interaktionsteknik\dh2670-haptic-minecraft\chai3d-3.3.0\obj\debug\x64\btcylindershape.obj
c:\users\sofia\desktop\kth\årskurs 5\läsperiod 4\dh2670 haptisk och taktil interaktionsteknik\dh2670-haptic-minecraft\chai3d-3.3.0\obj\debug\x64\btoptimizedbvh.obj
c:\users\sofia\desktop\kth\årskurs 5\läsperiod 4\dh2670 haptisk och taktil interaktionsteknik\dh2670-haptic-minecraft\chai3d-3.3.0\obj\debug\x64\bttetrahedronshape.obj
c:\users\sofia\desktop\kth\årskurs 5\läsperiod 4\dh2670 haptisk och taktil interaktionsteknik\dh2670-haptic-minecraft\chai3d-3.3.0\obj\debug\x64\btcontactprocessing.obj
c:\users\sofia\desktop\kth\årskurs 5\läsperiod 4\dh2670 haptisk och taktil interaktionsteknik\dh2670-haptic-minecraft\chai3d-3.3.0\obj\debug\x64\gim_memory.obj
c:\users\sofia\desktop\kth\årskurs 5\läsperiod 4\dh2670 haptisk och taktil interaktionsteknik\dh2670-haptic-minecraft\chai3d-3.3.0\obj\debug\x64\btgjkepa2.obj
c:\users\sofia\desktop\kth\årskurs 5\läsperiod 4\dh2670 haptisk och taktil interaktionsteknik\dh2670-haptic-minecraft\chai3d-3.3.0\obj\debug\x64\btvoronoisimplexsolver.obj
c:\users\sofia\desktop\kth\årskurs 5\läsperiod 4\dh2670 haptisk och taktil interaktionsteknik\dh2670-haptic-minecraft\chai3d-3.3.0\obj\debug\x64\btgeneric6dofspringconstraint.obj
c:\users\sofia\desktop\kth\årskurs 5\läsperiod 4\dh2670 haptisk och taktil interaktionsteknik\dh2670-haptic-minecraft\chai3d-3.3.0\obj\debug\x64\btsolve2linearconstraint.obj
c:\users\sofia\desktop\kth\årskurs 5\läsperiod 4\dh2670 haptisk och taktil interaktionsteknik\dh2670-haptic-minecraft\chai3d-3.3.0\obj\debug\x64\btmultibodyconstraintsolver.obj
c:\users\sofia\desktop\kth\årskurs 5\läsperiod 4\dh2670 haptisk och taktil interaktionsteknik\dh2670-haptic-minecraft\chai3d-3.3.0\obj\debug\x64\btmlcpsolver.obj
c:\users\sofia\desktop\kth\årskurs 5\läsperiod 4\dh2670 haptisk och taktil interaktionsteknik\dh2670-haptic-minecraft\chai3d-3.3.0\obj\debug\x64\btsoftrigiddynamicsworld.obj
c:\users\sofia\desktop\kth\årskurs 5\läsperiod 4\dh2670 haptisk och taktil interaktionsteknik\dh2670-haptic-minecraft\chai3d-3.3.0\obj\debug\x64\cbulletcylinder.obj
c:\users\sofia\desktop\kth\årskurs 5\läsperiod 4\dh2670 haptisk och taktil interaktionsteknik\dh2670-haptic-minecraft\chai3d-3.3.0\obj\debug\x64\btcollisionalgorithm.obj
c:\users\sofia\desktop\kth\årskurs 5\läsperiod 4\dh2670 haptisk och taktil interaktionsteknik\dh2670-haptic-minecraft\chai3d-3.3.0\obj\debug\x64\btquantizedbvh.obj
c:\users\sofia\desktop\kth\årskurs 5\läsperiod 4\dh2670 haptisk och taktil interaktionsteknik\dh2670-haptic-minecraft\chai3d-3.3.0\obj\debug\x64\btconvexconcavecollisionalgorithm.obj
c:\users\sofia\desktop\kth\årskurs 5\läsperiod 4\dh2670 haptisk och taktil interaktionsteknik\dh2670-haptic-minecraft\chai3d-3.3.0\obj\debug\x64\btmanifoldresult.obj
c:\users\sofia\desktop\kth\årskurs 5\läsperiod 4\dh2670 haptisk och taktil interaktionsteknik\dh2670-haptic-minecraft\chai3d-3.3.0\obj\debug\x64\btbvhtrianglemeshshape.obj
c:\users\sofia\desktop\kth\årskurs 5\läsperiod 4\dh2670 haptisk och taktil interaktionsteknik\dh2670-haptic-minecraft\chai3d-3.3.0\obj\debug\x64\btconvexhullshape.obj
c:\users\sofia\desktop\kth\årskurs 5\läsperiod 4\dh2670 haptisk och taktil interaktionsteknik\dh2670-haptic-minecraft\chai3d-3.3.0\obj\debug\x64\btheightfieldterrainshape.obj
c:\users\sofia\desktop\kth\årskurs 5\läsperiod 4\dh2670 haptisk och taktil interaktionsteknik\dh2670-haptic-minecraft\chai3d-3.3.0\obj\debug\x64\btsphereshape.obj
c:\users\sofia\desktop\kth\årskurs 5\läsperiod 4\dh2670 haptisk och taktil interaktionsteknik\dh2670-haptic-minecraft\chai3d-3.3.0\obj\debug\x64\bttriangleindexvertexmaterialarray.obj
c:\users\sofia\desktop\kth\årskurs 5\läsperiod 4\dh2670 haptisk och taktil interaktionsteknik\dh2670-haptic-minecraft\chai3d-3.3.0\obj\debug\x64\btgimpactcollisionalgorithm.obj
c:\users\sofia\desktop\kth\årskurs 5\läsperiod 4\dh2670 haptisk och taktil interaktionsteknik\dh2670-haptic-minecraft\chai3d-3.3.0\obj\debug\x64\btpersistentmanifold.obj
c:\users\sofia\desktop\kth\årskurs 5\läsperiod 4\dh2670 haptisk och taktil interaktionsteknik\dh2670-haptic-minecraft\chai3d-3.3.0\obj\debug\x64\btconetwistconstraint.obj
c:\users\sofia\desktop\kth\årskurs 5\läsperiod 4\dh2670 haptisk och taktil interaktionsteknik\dh2670-haptic-minecraft\chai3d-3.3.0\obj\debug\x64\bthinge2constraint.obj
c:\users\sofia\desktop\kth\årskurs 5\läsperiod 4\dh2670 haptisk och taktil interaktionsteknik\dh2670-haptic-minecraft\chai3d-3.3.0\obj\debug\x64\btuniversalconstraint.obj
c:\users\sofia\desktop\kth\årskurs 5\läsperiod 4\dh2670 haptisk och taktil interaktionsteknik\dh2670-haptic-minecraft\chai3d-3.3.0\obj\debug\x64\btmultibodydynamicsworld.obj
c:\users\sofia\desktop\kth\årskurs 5\läsperiod 4\dh2670 haptisk och taktil interaktionsteknik\dh2670-haptic-minecraft\chai3d-3.3.0\obj\debug\x64\btwheelinfo.obj
c:\users\sofia\desktop\kth\årskurs 5\läsperiod 4\dh2670 haptisk och taktil interaktionsteknik\dh2670-haptic-minecraft\chai3d-3.3.0\obj\debug\x64\btsoftrigidcollisionalgorithm.obj
c:\users\sofia\desktop\kth\årskurs 5\läsperiod 4\dh2670 haptisk och taktil interaktionsteknik\dh2670-haptic-minecraft\chai3d-3.3.0\obj\debug\x64\btserializer.obj
c:\users\sofia\desktop\kth\årskurs 5\läsperiod 4\dh2670 haptisk och taktil interaktionsteknik\dh2670-haptic-minecraft\chai3d-3.3.0\obj\debug\x64\cbulletgenericobject.obj
c:\users\sofia\desktop\kth\årskurs 5\läsperiod 4\dh2670 haptisk och taktil interaktionsteknik\dh2670-haptic-minecraft\chai3d-3.3.0\null
c:\users\sofia\desktop\kth\årskurs 5\läsperiod 4\dh2670 haptisk och taktil interaktionsteknik\dh2670-haptic-minecraft\chai3d-3.3.0\lib\debug\x64\chai3d-bullet.lib
c:\users\sofia\desktop\kth\årskurs 5\läsperiod 4\dh2670 haptisk och taktil interaktionsteknik\dh2670-haptic-minecraft\chai3d-3.3.0\obj\debug\x64\adler32.obj
c:\users\sofia\desktop\kth\årskurs 5\läsperiod 4\dh2670 haptisk och taktil interaktionsteknik\dh2670-haptic-minecraft\chai3d-3.3.0\obj\debug\x64\alauxeffectslot.obj
c:\users\sofia\desktop\kth\årskurs 5\läsperiod 4\dh2670 haptisk och taktil interaktionsteknik\dh2670-haptic-minecraft\chai3d-3.3.0\obj\debug\x64\albuffer.obj
c:\users\sofia\desktop\kth\årskurs 5\läsperiod 4\dh2670 haptisk och taktil interaktionsteknik\dh2670-haptic-minecraft\chai3d-3.3.0\obj\debug\x64\alc.obj
c:\users\sofia\desktop\kth\årskurs 5\läsperiod 4\dh2670 haptisk och taktil interaktionsteknik\dh2670-haptic-minecraft\chai3d-3.3.0\obj\debug\x64\alcconfig.obj
c:\users\sofia\desktop\kth\årskurs 5\läsperiod 4\dh2670 haptisk och taktil interaktionsteknik\dh2670-haptic-minecraft\chai3d-3.3.0\obj\debug\x64\alcdedicated.obj
c:\users\sofia\desktop\kth\årskurs 5\läsperiod 4\dh2670 haptisk och taktil interaktionsteknik\dh2670-haptic-minecraft\chai3d-3.3.0\obj\debug\x64\alcecho.obj
c:\users\sofia\desktop\kth\årskurs 5\läsperiod 4\dh2670 haptisk och taktil interaktionsteknik\dh2670-haptic-minecraft\chai3d-3.3.0\obj\debug\x64\alcmodulator.obj
c:\users\sofia\desktop\kth\årskurs 5\läsperiod 4\dh2670 haptisk och taktil interaktionsteknik\dh2670-haptic-minecraft\chai3d-3.3.0\obj\debug\x64\alcreverb.obj
c:\users\sofia\desktop\kth\årskurs 5\läsperiod 4\dh2670 haptisk och taktil interaktionsteknik\dh2670-haptic-minecraft\chai3d-3.3.0\obj\debug\x64\alcring.obj
c:\users\sofia\desktop\kth\årskurs 5\läsperiod 4\dh2670 haptisk och taktil interaktionsteknik\dh2670-haptic-minecraft\chai3d-3.3.0\obj\debug\x64\alcthread.obj
c:\users\sofia\desktop\kth\årskurs 5\läsperiod 4\dh2670 haptisk och taktil interaktionsteknik\dh2670-haptic-minecraft\chai3d-3.3.0\obj\debug\x64\aleffect.obj
c:\users\sofia\desktop\kth\årskurs 5\läsperiod 4\dh2670 haptisk och taktil interaktionsteknik\dh2670-haptic-minecraft\chai3d-3.3.0\obj\debug\x64\alerror.obj
c:\users\sofia\desktop\kth\årskurs 5\läsperiod 4\dh2670 haptisk och taktil interaktionsteknik\dh2670-haptic-minecraft\chai3d-3.3.0\obj\debug\x64\alextension.obj
c:\users\sofia\desktop\kth\årskurs 5\läsperiod 4\dh2670 haptisk och taktil interaktionsteknik\dh2670-haptic-minecraft\chai3d-3.3.0\obj\debug\x64\alfilter.obj
c:\users\sofia\desktop\kth\årskurs 5\läsperiod 4\dh2670 haptisk och taktil interaktionsteknik\dh2670-haptic-minecraft\chai3d-3.3.0\obj\debug\x64\allistener.obj
c:\users\sofia\desktop\kth\årskurs 5\läsperiod 4\dh2670 haptisk och taktil interaktionsteknik\dh2670-haptic-minecraft\chai3d-3.3.0\obj\debug\x64\alsource.obj
c:\users\sofia\desktop\kth\årskurs 5\läsperiod 4\dh2670 haptisk och taktil interaktionsteknik\dh2670-haptic-minecraft\chai3d-3.3.0\obj\debug\x64\alstate.obj
c:\users\sofia\desktop\kth\årskurs 5\läsperiod 4\dh2670 haptisk och taktil interaktionsteknik\dh2670-haptic-minecraft\chai3d-3.3.0\obj\debug\x64\althunk.obj
c:\users\sofia\desktop\kth\årskurs 5\läsperiod 4\dh2670 haptisk och taktil interaktionsteknik\dh2670-haptic-minecraft\chai3d-3.3.0\obj\debug\x64\alu.obj
c:\users\sofia\desktop\kth\årskurs 5\läsperiod 4\dh2670 haptisk och taktil interaktionsteknik\dh2670-haptic-minecraft\chai3d-3.3.0\obj\debug\x64\analysis.obj
c:\users\sofia\desktop\kth\årskurs 5\läsperiod 4\dh2670 haptisk och taktil interaktionsteknik\dh2670-haptic-minecraft\chai3d-3.3.0\obj\debug\x64\analyze.obj
c:\users\sofia\desktop\kth\årskurs 5\läsperiod 4\dh2670 haptisk och taktil interaktionsteknik\dh2670-haptic-minecraft\chai3d-3.3.0\obj\debug\x64\apiwrapper.obj
c:\users\sofia\desktop\kth\årskurs 5\läsperiod 4\dh2670 haptisk och taktil interaktionsteknik\dh2670-haptic-minecraft\chai3d-3.3.0\obj\debug\x64\bitpack.obj
c:\users\sofia\desktop\kth\årskurs 5\läsperiod 4\dh2670 haptisk och taktil interaktionsteknik\dh2670-haptic-minecraft\chai3d-3.3.0\obj\debug\x64\bitrate.obj
c:\users\sofia\desktop\kth\årskurs 5\läsperiod 4\dh2670 haptisk och taktil interaktionsteknik\dh2670-haptic-minecraft\chai3d-3.3.0\obj\debug\x64\bitwise.obj
c:\users\sofia\desktop\kth\årskurs 5\läsperiod 4\dh2670 haptisk och taktil interaktionsteknik\dh2670-haptic-minecraft\chai3d-3.3.0\obj\debug\x64\block.obj
c:\users\sofia\desktop\kth\årskurs 5\läsperiod 4\dh2670 haptisk och taktil interaktionsteknik\dh2670-haptic-minecraft\chai3d-3.3.0\obj\debug\x64\bs2b.obj
c:\users\sofia\desktop\kth\årskurs 5\läsperiod 4\dh2670 haptisk och taktil interaktionsteknik\dh2670-haptic-minecraft\chai3d-3.3.0\obj\debug\x64\calgorithmfingerproxy.obj
c:\users\sofia\desktop\kth\årskurs 5\läsperiod 4\dh2670 haptisk och taktil interaktionsteknik\dh2670-haptic-minecraft\chai3d-3.3.0\obj\debug\x64\calgorithmpotentialfield.obj
c:\users\sofia\desktop\kth\årskurs 5\läsperiod 4\dh2670 haptisk och taktil interaktionsteknik\dh2670-haptic-minecraft\chai3d-3.3.0\obj\debug\x64\caudiobuffer.obj
c:\users\sofia\desktop\kth\årskurs 5\läsperiod 4\dh2670 haptisk och taktil interaktionsteknik\dh2670-haptic-minecraft\chai3d-3.3.0\obj\debug\x64\caudiodevice.obj
c:\users\sofia\desktop\kth\årskurs 5\läsperiod 4\dh2670 haptisk och taktil interaktionsteknik\dh2670-haptic-minecraft\chai3d-3.3.0\obj\debug\x64\caudiosource.obj
c:\users\sofia\desktop\kth\årskurs 5\läsperiod 4\dh2670 haptisk och taktil interaktionsteknik\dh2670-haptic-minecraft\chai3d-3.3.0\obj\debug\x64\cbackground.obj
c:\users\sofia\desktop\kth\årskurs 5\läsperiod 4\dh2670 haptisk och taktil interaktionsteknik\dh2670-haptic-minecraft\chai3d-3.3.0\obj\debug\x64\cbitmap.obj
c:\users\sofia\desktop\kth\årskurs 5\läsperiod 4\dh2670 haptisk och taktil interaktionsteknik\dh2670-haptic-minecraft\chai3d-3.3.0\obj\debug\x64\ccamera.obj
c:\users\sofia\desktop\kth\årskurs 5\läsperiod 4\dh2670 haptisk och taktil interaktionsteknik\dh2670-haptic-minecraft\chai3d-3.3.0\obj\debug\x64\ccollisionaabb.obj
c:\users\sofia\desktop\kth\årskurs 5\läsperiod 4\dh2670 haptisk och taktil interaktionsteknik\dh2670-haptic-minecraft\chai3d-3.3.0\obj\debug\x64\ccollisionaabbtree.obj
c:\users\sofia\desktop\kth\årskurs 5\läsperiod 4\dh2670 haptisk och taktil interaktionsteknik\dh2670-haptic-minecraft\chai3d-3.3.0\obj\debug\x64\ccollisionbrute.obj
c:\users\sofia\desktop\kth\årskurs 5\läsperiod 4\dh2670 haptisk och taktil interaktionsteknik\dh2670-haptic-minecraft\chai3d-3.3.0\obj\debug\x64\ccolor.obj
c:\users\sofia\desktop\kth\årskurs 5\läsperiod 4\dh2670 haptisk och taktil interaktionsteknik\dh2670-haptic-minecraft\chai3d-3.3.0\obj\debug\x64\cdeltadevices.obj
c:\users\sofia\desktop\kth\årskurs 5\läsperiod 4\dh2670 haptisk och taktil interaktionsteknik\dh2670-haptic-minecraft\chai3d-3.3.0\obj\debug\x64\cdial.obj
c:\users\sofia\desktop\kth\årskurs 5\läsperiod 4\dh2670 haptisk och taktil interaktionsteknik\dh2670-haptic-minecraft\chai3d-3.3.0\obj\debug\x64\cdirectionallight.obj
c:\users\sofia\desktop\kth\årskurs 5\läsperiod 4\dh2670 haptisk och taktil interaktionsteknik\dh2670-haptic-minecraft\chai3d-3.3.0\obj\debug\x64\cdisplaylist.obj
c:\users\sofia\desktop\kth\årskurs 5\läsperiod 4\dh2670 haptisk och taktil interaktionsteknik\dh2670-haptic-minecraft\chai3d-3.3.0\obj\debug\x64\cdraw3d.obj
c:\users\sofia\desktop\kth\årskurs 5\läsperiod 4\dh2670 haptisk och taktil interaktionsteknik\dh2670-haptic-minecraft\chai3d-3.3.0\obj\debug\x64\ceffectmagnet.obj
c:\users\sofia\desktop\kth\årskurs 5\läsperiod 4\dh2670 haptisk och taktil interaktionsteknik\dh2670-haptic-minecraft\chai3d-3.3.0\obj\debug\x64\ceffectstickslip.obj
c:\users\sofia\desktop\kth\årskurs 5\läsperiod 4\dh2670 haptisk och taktil interaktionsteknik\dh2670-haptic-minecraft\chai3d-3.3.0\obj\debug\x64\ceffectsurface.obj
c:\users\sofia\desktop\kth\årskurs 5\läsperiod 4\dh2670 haptisk och taktil interaktionsteknik\dh2670-haptic-minecraft\chai3d-3.3.0\obj\debug\x64\ceffectvibration.obj
c:\users\sofia\desktop\kth\årskurs 5\läsperiod 4\dh2670 haptisk och taktil interaktionsteknik\dh2670-haptic-minecraft\chai3d-3.3.0\obj\debug\x64\ceffectviscosity.obj
c:\users\sofia\desktop\kth\årskurs 5\läsperiod 4\dh2670 haptisk och taktil interaktionsteknik\dh2670-haptic-minecraft\chai3d-3.3.0\obj\debug\x64\cfileaudiomp3.obj
c:\users\sofia\desktop\kth\årskurs 5\läsperiod 4\dh2670 haptisk och taktil interaktionsteknik\dh2670-haptic-minecraft\chai3d-3.3.0\obj\debug\x64\cfileaudiowav.obj
c:\users\sofia\desktop\kth\årskurs 5\läsperiod 4\dh2670 haptisk och taktil interaktionsteknik\dh2670-haptic-minecraft\chai3d-3.3.0\obj\debug\x64\cfileimagebmp.obj
c:\users\sofia\desktop\kth\årskurs 5\läsperiod 4\dh2670 haptisk och taktil interaktionsteknik\dh2670-haptic-minecraft\chai3d-3.3.0\obj\debug\x64\cfileimagegif.obj
c:\users\sofia\desktop\kth\årskurs 5\läsperiod 4\dh2670 haptisk och taktil interaktionsteknik\dh2670-haptic-minecraft\chai3d-3.3.0\obj\debug\x64\cfileimagejpg.obj
c:\users\sofia\desktop\kth\årskurs 5\läsperiod 4\dh2670 haptisk och taktil interaktionsteknik\dh2670-haptic-minecraft\chai3d-3.3.0\obj\debug\x64\cfileimagepng.obj
c:\users\sofia\desktop\kth\årskurs 5\läsperiod 4\dh2670 haptisk och taktil interaktionsteknik\dh2670-haptic-minecraft\chai3d-3.3.0\obj\debug\x64\cfileimageppm.obj
c:\users\sofia\desktop\kth\årskurs 5\läsperiod 4\dh2670 haptisk och taktil interaktionsteknik\dh2670-haptic-minecraft\chai3d-3.3.0\obj\debug\x64\cfileimageraw.obj
c:\users\sofia\desktop\kth\årskurs 5\läsperiod 4\dh2670 haptisk och taktil interaktionsteknik\dh2670-haptic-minecraft\chai3d-3.3.0\obj\debug\x64\cfileimagestb.obj
c:\users\sofia\desktop\kth\årskurs 5\läsperiod 4\dh2670 haptisk och taktil interaktionsteknik\dh2670-haptic-minecraft\chai3d-3.3.0\obj\debug\x64\cfilemodel3ds.obj
c:\users\sofia\desktop\kth\årskurs 5\läsperiod 4\dh2670 haptisk och taktil interaktionsteknik\dh2670-haptic-minecraft\chai3d-3.3.0\obj\debug\x64\cfilemodelobj.obj
c:\users\sofia\desktop\kth\årskurs 5\läsperiod 4\dh2670 haptisk och taktil interaktionsteknik\dh2670-haptic-minecraft\chai3d-3.3.0\obj\debug\x64\cfilemodelstl.obj
c:\users\sofia\desktop\kth\årskurs 5\läsperiod 4\dh2670 haptisk och taktil interaktionsteknik\dh2670-haptic-minecraft\chai3d-3.3.0\obj\debug\x64\cfilemodeltri.obj
c:\users\sofia\desktop\kth\årskurs 5\läsperiod 4\dh2670 haptisk och taktil interaktionsteknik\dh2670-haptic-minecraft\chai3d-3.3.0\obj\debug\x64\cfilexml.obj
c:\users\sofia\desktop\kth\årskurs 5\läsperiod 4\dh2670 haptisk och taktil interaktionsteknik\dh2670-haptic-minecraft\chai3d-3.3.0\obj\debug\x64\cfog.obj
c:\users\sofia\desktop\kth\årskurs 5\läsperiod 4\dh2670 haptisk och taktil interaktionsteknik\dh2670-haptic-minecraft\chai3d-3.3.0\obj\debug\x64\cfont.obj
c:\users\sofia\desktop\kth\årskurs 5\läsperiod 4\dh2670 haptisk och taktil interaktionsteknik\dh2670-haptic-minecraft\chai3d-3.3.0\obj\debug\x64\cframebuffer.obj
c:\users\sofia\desktop\kth\årskurs 5\läsperiod 4\dh2670 haptisk och taktil interaktionsteknik\dh2670-haptic-minecraft\chai3d-3.3.0\obj\debug\x64\cfrequencycounter.obj
c:\users\sofia\desktop\kth\årskurs 5\läsperiod 4\dh2670 haptisk och taktil interaktionsteknik\dh2670-haptic-minecraft\chai3d-3.3.0\obj\debug\x64\cgenericcollision.obj
c:\users\sofia\desktop\kth\årskurs 5\läsperiod 4\dh2670 haptisk och taktil interaktionsteknik\dh2670-haptic-minecraft\chai3d-3.3.0\obj\debug\x64\cgenericdevice.obj
c:\users\sofia\desktop\kth\årskurs 5\läsperiod 4\dh2670 haptisk och taktil interaktionsteknik\dh2670-haptic-minecraft\chai3d-3.3.0\obj\debug\x64\cgenericeffect.obj
c:\users\sofia\desktop\kth\årskurs 5\läsperiod 4\dh2670 haptisk och taktil interaktionsteknik\dh2670-haptic-minecraft\chai3d-3.3.0\obj\debug\x64\cgenericforcealgorithm.obj
c:\users\sofia\desktop\kth\årskurs 5\läsperiod 4\dh2670 haptisk och taktil interaktionsteknik\dh2670-haptic-minecraft\chai3d-3.3.0\obj\debug\x64\cgenerichapticdevice.obj
c:\users\sofia\desktop\kth\årskurs 5\läsperiod 4\dh2670 haptisk och taktil interaktionsteknik\dh2670-haptic-minecraft\chai3d-3.3.0\obj\debug\x64\cgenericlight.obj
c:\users\sofia\desktop\kth\årskurs 5\läsperiod 4\dh2670 haptisk och taktil interaktionsteknik\dh2670-haptic-minecraft\chai3d-3.3.0\obj\debug\x64\cgenericobject.obj
c:\users\sofia\desktop\kth\årskurs 5\läsperiod 4\dh2670 haptisk och taktil interaktionsteknik\dh2670-haptic-minecraft\chai3d-3.3.0\obj\debug\x64\cgenerictool.obj
c:\users\sofia\desktop\kth\årskurs 5\läsperiod 4\dh2670 haptisk och taktil interaktionsteknik\dh2670-haptic-minecraft\chai3d-3.3.0\obj\debug\x64\cgenerictype.obj
c:\users\sofia\desktop\kth\årskurs 5\läsperiod 4\dh2670 haptisk och taktil interaktionsteknik\dh2670-haptic-minecraft\chai3d-3.3.0\obj\debug\x64\cgenericwidget.obj
c:\users\sofia\desktop\kth\årskurs 5\läsperiod 4\dh2670 haptisk och taktil interaktionsteknik\dh2670-haptic-minecraft\chai3d-3.3.0\obj\debug\x64\cglobals.obj
c:\users\sofia\desktop\kth\årskurs 5\läsperiod 4\dh2670 haptisk och taktil interaktionsteknik\dh2670-haptic-minecraft\chai3d-3.3.0\obj\debug\x64\chapticdevicehandler.obj
c:\users\sofia\desktop\kth\årskurs 5\läsperiod 4\dh2670 haptisk och taktil interaktionsteknik\dh2670-haptic-minecraft\chai3d-3.3.0\obj\debug\x64\chapticpoint.obj
c:\users\sofia\desktop\kth\årskurs 5\läsperiod 4\dh2670 haptisk och taktil interaktionsteknik\dh2670-haptic-minecraft\chai3d-3.3.0\obj\debug\x64\chistogram.obj
c:\users\sofia\desktop\kth\årskurs 5\läsperiod 4\dh2670 haptisk och taktil interaktionsteknik\dh2670-haptic-minecraft\chai3d-3.3.0\obj\debug\x64\cimage.obj
c:\users\sofia\desktop\kth\årskurs 5\läsperiod 4\dh2670 haptisk och taktil interaktionsteknik\dh2670-haptic-minecraft\chai3d-3.3.0\obj\debug\x64\clabel.obj
c:\users\sofia\desktop\kth\årskurs 5\läsperiod 4\dh2670 haptisk och taktil interaktionsteknik\dh2670-haptic-minecraft\chai3d-3.3.0\obj\debug\x64\cleapdevices.obj
c:\users\sofia\desktop\kth\årskurs 5\läsperiod 4\dh2670 haptisk och taktil interaktionsteknik\dh2670-haptic-minecraft\chai3d-3.3.0\obj\debug\x64\clevel.obj
c:\users\sofia\desktop\kth\årskurs 5\läsperiod 4\dh2670 haptisk och taktil interaktionsteknik\dh2670-haptic-minecraft\chai3d-3.3.0\obj\debug\x64\cmaterial.obj
c:\users\sofia\desktop\kth\årskurs 5\läsperiod 4\dh2670 haptisk och taktil interaktionsteknik\dh2670-haptic-minecraft\chai3d-3.3.0\obj\debug\x64\cmesh.obj
c:\users\sofia\desktop\kth\årskurs 5\läsperiod 4\dh2670 haptisk och taktil interaktionsteknik\dh2670-haptic-minecraft\chai3d-3.3.0\obj\debug\x64\cmultiimage.obj
c:\users\sofia\desktop\kth\årskurs 5\läsperiod 4\dh2670 haptisk och taktil interaktionsteknik\dh2670-haptic-minecraft\chai3d-3.3.0\obj\debug\x64\cmultimesh.obj
c:\users\sofia\desktop\kth\årskurs 5\läsperiod 4\dh2670 haptisk och taktil interaktionsteknik\dh2670-haptic-minecraft\chai3d-3.3.0\obj\debug\x64\cmultipoint.obj
c:\users\sofia\desktop\kth\årskurs 5\läsperiod 4\dh2670 haptisk och taktil interaktionsteknik\dh2670-haptic-minecraft\chai3d-3.3.0\obj\debug\x64\cmultisegment.obj
c:\users\sofia\desktop\kth\årskurs 5\läsperiod 4\dh2670 haptisk och taktil interaktionsteknik\dh2670-haptic-minecraft\chai3d-3.3.0\obj\debug\x64\cmutex.obj
c:\users\sofia\desktop\kth\årskurs 5\läsperiod 4\dh2670 haptisk och taktil interaktionsteknik\dh2670-haptic-minecraft\chai3d-3.3.0\obj\debug\x64\cmycustomdevice.obj
c:\users\sofia\desktop\kth\årskurs 5\läsperiod 4\dh2670 haptisk och taktil interaktionsteknik\dh2670-haptic-minecraft\chai3d-3.3.0\obj\debug\x64\cnormalmap.obj
c:\users\sofia\desktop\kth\årskurs 5\läsperiod 4\dh2670 haptisk och taktil interaktionsteknik\dh2670-haptic-minecraft\chai3d-3.3.0\obj\debug\x64\codebook.obj
c:\users\sofia\desktop\kth\årskurs 5\läsperiod 4\dh2670 haptisk och taktil interaktionsteknik\dh2670-haptic-minecraft\chai3d-3.3.0\obj\debug\x64\collect.obj
c:\users\sofia\desktop\kth\årskurs 5\läsperiod 4\dh2670 haptisk och taktil interaktionsteknik\dh2670-haptic-minecraft\chai3d-3.3.0\obj\debug\x64\compress.obj
c:\users\sofia\desktop\kth\årskurs 5\läsperiod 4\dh2670 haptisk och taktil interaktionsteknik\dh2670-haptic-minecraft\chai3d-3.3.0\obj\debug\x64\cpanel.obj
c:\users\sofia\desktop\kth\årskurs 5\läsperiod 4\dh2670 haptisk och taktil interaktionsteknik\dh2670-haptic-minecraft\chai3d-3.3.0\obj\debug\x64\cphantomdevices.obj
c:\users\sofia\desktop\kth\årskurs 5\läsperiod 4\dh2670 haptisk och taktil interaktionsteknik\dh2670-haptic-minecraft\chai3d-3.3.0\obj\debug\x64\cpointarray.obj
c:\users\sofia\desktop\kth\årskurs 5\läsperiod 4\dh2670 haptisk och taktil interaktionsteknik\dh2670-haptic-minecraft\chai3d-3.3.0\obj\debug\x64\cpositionallight.obj
c:\users\sofia\desktop\kth\årskurs 5\läsperiod 4\dh2670 haptisk och taktil interaktionsteknik\dh2670-haptic-minecraft\chai3d-3.3.0\obj\debug\x64\cprecisionclock.obj
c:\users\sofia\desktop\kth\årskurs 5\läsperiod 4\dh2670 haptisk och taktil interaktionsteknik\dh2670-haptic-minecraft\chai3d-3.3.0\obj\debug\x64\cprimitives.obj
c:\users\sofia\desktop\kth\årskurs 5\läsperiod 4\dh2670 haptisk och taktil interaktionsteknik\dh2670-haptic-minecraft\chai3d-3.3.0\obj\debug\x64\crc32.obj
c:\users\sofia\desktop\kth\årskurs 5\läsperiod 4\dh2670 haptisk och taktil interaktionsteknik\dh2670-haptic-minecraft\chai3d-3.3.0\obj\debug\x64\cscope.obj
c:\users\sofia\desktop\kth\årskurs 5\läsperiod 4\dh2670 haptisk och taktil interaktionsteknik\dh2670-haptic-minecraft\chai3d-3.3.0\obj\debug\x64\csegmentarray.obj
c:\users\sofia\desktop\kth\årskurs 5\läsperiod 4\dh2670 haptisk och taktil interaktionsteknik\dh2670-haptic-minecraft\chai3d-3.3.0\obj\debug\x64\cshader.obj
c:\users\sofia\desktop\kth\årskurs 5\läsperiod 4\dh2670 haptisk och taktil interaktionsteknik\dh2670-haptic-minecraft\chai3d-3.3.0\obj\debug\x64\cshaderprogram.obj
c:\users\sofia\desktop\kth\årskurs 5\läsperiod 4\dh2670 haptisk och taktil interaktionsteknik\dh2670-haptic-minecraft\chai3d-3.3.0\obj\debug\x64\cshadowmap.obj
c:\users\sofia\desktop\kth\årskurs 5\läsperiod 4\dh2670 haptisk och taktil interaktionsteknik\dh2670-haptic-minecraft\chai3d-3.3.0\obj\debug\x64\cshapebox.obj
c:\users\sofia\desktop\kth\årskurs 5\läsperiod 4\dh2670 haptisk och taktil interaktionsteknik\dh2670-haptic-minecraft\chai3d-3.3.0\obj\debug\x64\cshapecylinder.obj
c:\users\sofia\desktop\kth\årskurs 5\läsperiod 4\dh2670 haptisk och taktil interaktionsteknik\dh2670-haptic-minecraft\chai3d-3.3.0\obj\debug\x64\cshapeellipsoid.obj
c:\users\sofia\desktop\kth\årskurs 5\läsperiod 4\dh2670 haptisk och taktil interaktionsteknik\dh2670-haptic-minecraft\chai3d-3.3.0\obj\debug\x64\cshapeline.obj
c:\users\sofia\desktop\kth\årskurs 5\läsperiod 4\dh2670 haptisk och taktil interaktionsteknik\dh2670-haptic-minecraft\chai3d-3.3.0\obj\debug\x64\cshapesphere.obj
c:\users\sofia\desktop\kth\årskurs 5\läsperiod 4\dh2670 haptisk och taktil interaktionsteknik\dh2670-haptic-minecraft\chai3d-3.3.0\obj\debug\x64\cshapetorus.obj
c:\users\sofia\desktop\kth\årskurs 5\läsperiod 4\dh2670 haptisk och taktil interaktionsteknik\dh2670-haptic-minecraft\chai3d-3.3.0\obj\debug\x64\csixensedevices.obj
c:\users\sofia\desktop\kth\årskurs 5\läsperiod 4\dh2670 haptisk och taktil interaktionsteknik\dh2670-haptic-minecraft\chai3d-3.3.0\obj\debug\x64\csocket.obj
c:\users\sofia\desktop\kth\årskurs 5\läsperiod 4\dh2670 haptisk och taktil interaktionsteknik\dh2670-haptic-minecraft\chai3d-3.3.0\obj\debug\x64\csockethelper.obj
c:\users\sofia\desktop\kth\årskurs 5\läsperiod 4\dh2670 haptisk och taktil interaktionsteknik\dh2670-haptic-minecraft\chai3d-3.3.0\obj\debug\x64\cspotlight.obj
c:\users\sofia\desktop\kth\årskurs 5\läsperiod 4\dh2670 haptisk och taktil interaktionsteknik\dh2670-haptic-minecraft\chai3d-3.3.0\obj\debug\x64\cstring.obj
c:\users\sofia\desktop\kth\årskurs 5\läsperiod 4\dh2670 haptisk och taktil interaktionsteknik\dh2670-haptic-minecraft\chai3d-3.3.0\obj\debug\x64\ctexture1d.obj
c:\users\sofia\desktop\kth\årskurs 5\läsperiod 4\dh2670 haptisk och taktil interaktionsteknik\dh2670-haptic-minecraft\chai3d-3.3.0\obj\debug\x64\ctexture2d.obj
c:\users\sofia\desktop\kth\årskurs 5\läsperiod 4\dh2670 haptisk och taktil interaktionsteknik\dh2670-haptic-minecraft\chai3d-3.3.0\obj\debug\x64\ctexture3d.obj
c:\users\sofia\desktop\kth\årskurs 5\läsperiod 4\dh2670 haptisk och taktil interaktionsteknik\dh2670-haptic-minecraft\chai3d-3.3.0\obj\debug\x64\ctexturevideo.obj
c:\users\sofia\desktop\kth\årskurs 5\läsperiod 4\dh2670 haptisk och taktil interaktionsteknik\dh2670-haptic-minecraft\chai3d-3.3.0\obj\debug\x64\cthread.obj
c:\users\sofia\desktop\kth\årskurs 5\läsperiod 4\dh2670 haptisk och taktil interaktionsteknik\dh2670-haptic-minecraft\chai3d-3.3.0\obj\debug\x64\ctoolcursor.obj
c:\users\sofia\desktop\kth\årskurs 5\läsperiod 4\dh2670 haptisk och taktil interaktionsteknik\dh2670-haptic-minecraft\chai3d-3.3.0\obj\debug\x64\ctoolgripper.obj
c:\users\sofia\desktop\kth\årskurs 5\läsperiod 4\dh2670 haptisk och taktil interaktionsteknik\dh2670-haptic-minecraft\chai3d-3.3.0\obj\debug\x64\ctrianglearray.obj
c:\users\sofia\desktop\kth\årskurs 5\läsperiod 4\dh2670 haptisk och taktil interaktionsteknik\dh2670-haptic-minecraft\chai3d-3.3.0\obj\debug\x64\cvideo.obj
c:\users\sofia\desktop\kth\årskurs 5\läsperiod 4\dh2670 haptisk och taktil interaktionsteknik\dh2670-haptic-minecraft\chai3d-3.3.0\obj\debug\x64\cviewpanel.obj
c:\users\sofia\desktop\kth\årskurs 5\läsperiod 4\dh2670 haptisk och taktil interaktionsteknik\dh2670-haptic-minecraft\chai3d-3.3.0\obj\debug\x64\cviewport.obj
c:\users\sofia\desktop\kth\årskurs 5\läsperiod 4\dh2670 haptisk och taktil interaktionsteknik\dh2670-haptic-minecraft\chai3d-3.3.0\obj\debug\x64\cvoxelobject.obj
c:\users\sofia\desktop\kth\årskurs 5\läsperiod 4\dh2670 haptisk och taktil interaktionsteknik\dh2670-haptic-minecraft\chai3d-3.3.0\obj\debug\x64\cworld.obj
c:\users\sofia\desktop\kth\årskurs 5\läsperiod 4\dh2670 haptisk och taktil interaktionsteknik\dh2670-haptic-minecraft\chai3d-3.3.0\obj\debug\x64\cxtouchcontroller.obj
c:\users\sofia\desktop\kth\årskurs 5\läsperiod 4\dh2670 haptisk och taktil interaktionsteknik\dh2670-haptic-minecraft\chai3d-3.3.0\obj\debug\x64\decapiwrapper.obj
c:\users\sofia\desktop\kth\årskurs 5\läsperiod 4\dh2670 haptisk och taktil interaktionsteknik\dh2670-haptic-minecraft\chai3d-3.3.0\obj\debug\x64\decinfo.obj
c:\users\sofia\desktop\kth\årskurs 5\läsperiod 4\dh2670 haptisk och taktil interaktionsteknik\dh2670-haptic-minecraft\chai3d-3.3.0\obj\debug\x64\decode.obj
c:\users\sofia\desktop\kth\årskurs 5\läsperiod 4\dh2670 haptisk och taktil interaktionsteknik\dh2670-haptic-minecraft\chai3d-3.3.0\obj\debug\x64\deflate.obj
c:\users\sofia\desktop\kth\årskurs 5\läsperiod 4\dh2670 haptisk och taktil interaktionsteknik\dh2670-haptic-minecraft\chai3d-3.3.0\obj\debug\x64\dequant.obj
c:\users\sofia\desktop\kth\årskurs 5\läsperiod 4\dh2670 haptisk och taktil interaktionsteknik\dh2670-haptic-minecraft\chai3d-3.3.0\obj\debug\x64\dev2gif.obj
c:\users\sofia\desktop\kth\årskurs 5\läsperiod 4\dh2670 haptisk och taktil interaktionsteknik\dh2670-haptic-minecraft\chai3d-3.3.0\obj\debug\x64\dgif_lib.obj
c:\users\sofia\desktop\kth\årskurs 5\läsperiod 4\dh2670 haptisk och taktil interaktionsteknik\dh2670-haptic-minecraft\chai3d-3.3.0\obj\debug\x64\dsound.obj
c:\users\sofia\desktop\kth\årskurs 5\läsperiod 4\dh2670 haptisk och taktil interaktionsteknik\dh2670-haptic-minecraft\chai3d-3.3.0\obj\debug\x64\egif_lib.obj
c:\users\sofia\desktop\kth\årskurs 5\läsperiod 4\dh2670 haptisk och taktil interaktionsteknik\dh2670-haptic-minecraft\chai3d-3.3.0\obj\debug\x64\encapiwrapper.obj
c:\users\sofia\desktop\kth\årskurs 5\läsperiod 4\dh2670 haptisk och taktil interaktionsteknik\dh2670-haptic-minecraft\chai3d-3.3.0\obj\debug\x64\encfrag.obj
c:\users\sofia\desktop\kth\årskurs 5\läsperiod 4\dh2670 haptisk och taktil interaktionsteknik\dh2670-haptic-minecraft\chai3d-3.3.0\obj\debug\x64\encinfo.obj
c:\users\sofia\desktop\kth\årskurs 5\läsperiod 4\dh2670 haptisk och taktil interaktionsteknik\dh2670-haptic-minecraft\chai3d-3.3.0\obj\debug\x64\encode.obj
c:\users\sofia\desktop\kth\årskurs 5\läsperiod 4\dh2670 haptisk och taktil interaktionsteknik\dh2670-haptic-minecraft\chai3d-3.3.0\obj\debug\x64\encoder_disabled.obj
c:\users\sofia\desktop\kth\årskurs 5\läsperiod 4\dh2670 haptisk och taktil interaktionsteknik\dh2670-haptic-minecraft\chai3d-3.3.0\obj\debug\x64\enquant.obj
c:\users\sofia\desktop\kth\årskurs 5\läsperiod 4\dh2670 haptisk och taktil interaktionsteknik\dh2670-haptic-minecraft\chai3d-3.3.0\obj\debug\x64\envelope.obj
c:\users\sofia\desktop\kth\årskurs 5\läsperiod 4\dh2670 haptisk och taktil interaktionsteknik\dh2670-haptic-minecraft\chai3d-3.3.0\obj\debug\x64\fdct.obj
c:\users\sofia\desktop\kth\årskurs 5\läsperiod 4\dh2670 haptisk och taktil interaktionsteknik\dh2670-haptic-minecraft\chai3d-3.3.0\obj\debug\x64\floor0.obj
c:\users\sofia\desktop\kth\årskurs 5\läsperiod 4\dh2670 haptisk och taktil interaktionsteknik\dh2670-haptic-minecraft\chai3d-3.3.0\obj\debug\x64\floor1.obj
c:\users\sofia\desktop\kth\årskurs 5\läsperiod 4\dh2670 haptisk och taktil interaktionsteknik\dh2670-haptic-minecraft\chai3d-3.3.0\obj\debug\x64\fragment.obj
c:\users\sofia\desktop\kth\årskurs 5\läsperiod 4\dh2670 haptisk och taktil interaktionsteknik\dh2670-haptic-minecraft\chai3d-3.3.0\obj\debug\x64\framing.obj
c:\users\sofia\desktop\kth\årskurs 5\läsperiod 4\dh2670 haptisk och taktil interaktionsteknik\dh2670-haptic-minecraft\chai3d-3.3.0\obj\debug\x64\getarg.obj
c:\users\sofia\desktop\kth\årskurs 5\läsperiod 4\dh2670 haptisk och taktil interaktionsteknik\dh2670-haptic-minecraft\chai3d-3.3.0\obj\debug\x64\gifalloc.obj
c:\users\sofia\desktop\kth\årskurs 5\läsperiod 4\dh2670 haptisk och taktil interaktionsteknik\dh2670-haptic-minecraft\chai3d-3.3.0\obj\debug\x64\gif_err.obj
c:\users\sofia\desktop\kth\årskurs 5\läsperiod 4\dh2670 haptisk och taktil interaktionsteknik\dh2670-haptic-minecraft\chai3d-3.3.0\obj\debug\x64\gif_font.obj
c:\users\sofia\desktop\kth\årskurs 5\läsperiod 4\dh2670 haptisk och taktil interaktionsteknik\dh2670-haptic-minecraft\chai3d-3.3.0\obj\debug\x64\gif_hash.obj
c:\users\sofia\desktop\kth\årskurs 5\läsperiod 4\dh2670 haptisk och taktil interaktionsteknik\dh2670-haptic-minecraft\chai3d-3.3.0\obj\debug\x64\glew.obj
c:\users\sofia\desktop\kth\årskurs 5\läsperiod 4\dh2670 haptisk och taktil interaktionsteknik\dh2670-haptic-minecraft\chai3d-3.3.0\obj\debug\x64\gzclose.obj
c:\users\sofia\desktop\kth\årskurs 5\läsperiod 4\dh2670 haptisk och taktil interaktionsteknik\dh2670-haptic-minecraft\chai3d-3.3.0\obj\debug\x64\gzlib.obj
c:\users\sofia\desktop\kth\årskurs 5\läsperiod 4\dh2670 haptisk och taktil interaktionsteknik\dh2670-haptic-minecraft\chai3d-3.3.0\obj\debug\x64\gzread.obj
c:\users\sofia\desktop\kth\årskurs 5\läsperiod 4\dh2670 haptisk och taktil interaktionsteknik\dh2670-haptic-minecraft\chai3d-3.3.0\obj\debug\x64\gzwrite.obj
c:\users\sofia\desktop\kth\årskurs 5\läsperiod 4\dh2670 haptisk och taktil interaktionsteknik\dh2670-haptic-minecraft\chai3d-3.3.0\obj\debug\x64\helpers.obj
c:\users\sofia\desktop\kth\årskurs 5\läsperiod 4\dh2670 haptisk och taktil interaktionsteknik\dh2670-haptic-minecraft\chai3d-3.3.0\obj\debug\x64\hrtf.obj
c:\users\sofia\desktop\kth\årskurs 5\läsperiod 4\dh2670 haptisk och taktil interaktionsteknik\dh2670-haptic-minecraft\chai3d-3.3.0\obj\debug\x64\huffdec.obj
c:\users\sofia\desktop\kth\årskurs 5\läsperiod 4\dh2670 haptisk och taktil interaktionsteknik\dh2670-haptic-minecraft\chai3d-3.3.0\obj\debug\x64\huffenc.obj
c:\users\sofia\desktop\kth\årskurs 5\läsperiod 4\dh2670 haptisk och taktil interaktionsteknik\dh2670-haptic-minecraft\chai3d-3.3.0\obj\debug\x64\idct.obj
c:\users\sofia\desktop\kth\årskurs 5\läsperiod 4\dh2670 haptisk och taktil interaktionsteknik\dh2670-haptic-minecraft\chai3d-3.3.0\obj\debug\x64\infback.obj
c:\users\sofia\desktop\kth\årskurs 5\läsperiod 4\dh2670 haptisk och taktil interaktionsteknik\dh2670-haptic-minecraft\chai3d-3.3.0\obj\debug\x64\inffast.obj
c:\users\sofia\desktop\kth\årskurs 5\läsperiod 4\dh2670 haptisk och taktil interaktionsteknik\dh2670-haptic-minecraft\chai3d-3.3.0\obj\debug\x64\inflate.obj
c:\users\sofia\desktop\kth\årskurs 5\läsperiod 4\dh2670 haptisk och taktil interaktionsteknik\dh2670-haptic-minecraft\chai3d-3.3.0\obj\debug\x64\info.obj
c:\users\sofia\desktop\kth\årskurs 5\läsperiod 4\dh2670 haptisk och taktil interaktionsteknik\dh2670-haptic-minecraft\chai3d-3.3.0\obj\debug\x64\infot.obj
c:\users\sofia\desktop\kth\årskurs 5\läsperiod 4\dh2670 haptisk och taktil interaktionsteknik\dh2670-haptic-minecraft\chai3d-3.3.0\obj\debug\x64\inftrees.obj
c:\users\sofia\desktop\kth\årskurs 5\läsperiod 4\dh2670 haptisk och taktil interaktionsteknik\dh2670-haptic-minecraft\chai3d-3.3.0\obj\debug\x64\internal.obj
c:\users\sofia\desktop\kth\årskurs 5\läsperiod 4\dh2670 haptisk och taktil interaktionsteknik\dh2670-haptic-minecraft\chai3d-3.3.0\obj\debug\x64\jaricom.obj
c:\users\sofia\desktop\kth\årskurs 5\läsperiod 4\dh2670 haptisk och taktil interaktionsteknik\dh2670-haptic-minecraft\chai3d-3.3.0\obj\debug\x64\jcapimin.obj
c:\users\sofia\desktop\kth\årskurs 5\läsperiod 4\dh2670 haptisk och taktil interaktionsteknik\dh2670-haptic-minecraft\chai3d-3.3.0\obj\debug\x64\jcapistd.obj
c:\users\sofia\desktop\kth\årskurs 5\läsperiod 4\dh2670 haptisk och taktil interaktionsteknik\dh2670-haptic-minecraft\chai3d-3.3.0\obj\debug\x64\jcarith.obj
c:\users\sofia\desktop\kth\årskurs 5\läsperiod 4\dh2670 haptisk och taktil interaktionsteknik\dh2670-haptic-minecraft\chai3d-3.3.0\obj\debug\x64\jccoefct.obj
c:\users\sofia\desktop\kth\årskurs 5\läsperiod 4\dh2670 haptisk och taktil interaktionsteknik\dh2670-haptic-minecraft\chai3d-3.3.0\obj\debug\x64\jccolor.obj
c:\users\sofia\desktop\kth\årskurs 5\läsperiod 4\dh2670 haptisk och taktil interaktionsteknik\dh2670-haptic-minecraft\chai3d-3.3.0\obj\debug\x64\jcdctmgr.obj
c:\users\sofia\desktop\kth\årskurs 5\läsperiod 4\dh2670 haptisk och taktil interaktionsteknik\dh2670-haptic-minecraft\chai3d-3.3.0\obj\debug\x64\jchuff.obj
c:\users\sofia\desktop\kth\årskurs 5\läsperiod 4\dh2670 haptisk och taktil interaktionsteknik\dh2670-haptic-minecraft\chai3d-3.3.0\obj\debug\x64\jcinit.obj
c:\users\sofia\desktop\kth\årskurs 5\läsperiod 4\dh2670 haptisk och taktil interaktionsteknik\dh2670-haptic-minecraft\chai3d-3.3.0\obj\debug\x64\jcmainct.obj
c:\users\sofia\desktop\kth\årskurs 5\läsperiod 4\dh2670 haptisk och taktil interaktionsteknik\dh2670-haptic-minecraft\chai3d-3.3.0\obj\debug\x64\jcmarker.obj
c:\users\sofia\desktop\kth\årskurs 5\läsperiod 4\dh2670 haptisk och taktil interaktionsteknik\dh2670-haptic-minecraft\chai3d-3.3.0\obj\debug\x64\jcmaster.obj
c:\users\sofia\desktop\kth\årskurs 5\läsperiod 4\dh2670 haptisk och taktil interaktionsteknik\dh2670-haptic-minecraft\chai3d-3.3.0\obj\debug\x64\jcomapi.obj
c:\users\sofia\desktop\kth\årskurs 5\läsperiod 4\dh2670 haptisk och taktil interaktionsteknik\dh2670-haptic-minecraft\chai3d-3.3.0\obj\debug\x64\jcparam.obj
c:\users\sofia\desktop\kth\årskurs 5\läsperiod 4\dh2670 haptisk och taktil interaktionsteknik\dh2670-haptic-minecraft\chai3d-3.3.0\obj\debug\x64\jcprepct.obj
c:\users\sofia\desktop\kth\årskurs 5\läsperiod 4\dh2670 haptisk och taktil interaktionsteknik\dh2670-haptic-minecraft\chai3d-3.3.0\obj\debug\x64\jcsample.obj
c:\users\sofia\desktop\kth\årskurs 5\läsperiod 4\dh2670 haptisk och taktil interaktionsteknik\dh2670-haptic-minecraft\chai3d-3.3.0\obj\debug\x64\jctrans.obj
c:\users\sofia\desktop\kth\årskurs 5\läsperiod 4\dh2670 haptisk och taktil interaktionsteknik\dh2670-haptic-minecraft\chai3d-3.3.0\obj\debug\x64\jdapimin.obj
c:\users\sofia\desktop\kth\årskurs 5\läsperiod 4\dh2670 haptisk och taktil interaktionsteknik\dh2670-haptic-minecraft\chai3d-3.3.0\obj\debug\x64\jdapistd.obj
c:\users\sofia\desktop\kth\årskurs 5\läsperiod 4\dh2670 haptisk och taktil interaktionsteknik\dh2670-haptic-minecraft\chai3d-3.3.0\obj\debug\x64\jdarith.obj
c:\users\sofia\desktop\kth\årskurs 5\läsperiod 4\dh2670 haptisk och taktil interaktionsteknik\dh2670-haptic-minecraft\chai3d-3.3.0\obj\debug\x64\jdatadst.obj
c:\users\sofia\desktop\kth\årskurs 5\läsperiod 4\dh2670 haptisk och taktil interaktionsteknik\dh2670-haptic-minecraft\chai3d-3.3.0\obj\debug\x64\jdatasrc.obj
c:\users\sofia\desktop\kth\årskurs 5\läsperiod 4\dh2670 haptisk och taktil interaktionsteknik\dh2670-haptic-minecraft\chai3d-3.3.0\obj\debug\x64\jdcoefct.obj
c:\users\sofia\desktop\kth\årskurs 5\läsperiod 4\dh2670 haptisk och taktil interaktionsteknik\dh2670-haptic-minecraft\chai3d-3.3.0\obj\debug\x64\jdcolor.obj
c:\users\sofia\desktop\kth\årskurs 5\läsperiod 4\dh2670 haptisk och taktil interaktionsteknik\dh2670-haptic-minecraft\chai3d-3.3.0\obj\debug\x64\jddctmgr.obj
c:\users\sofia\desktop\kth\årskurs 5\läsperiod 4\dh2670 haptisk och taktil interaktionsteknik\dh2670-haptic-minecraft\chai3d-3.3.0\obj\debug\x64\jdhuff.obj
c:\users\sofia\desktop\kth\årskurs 5\läsperiod 4\dh2670 haptisk och taktil interaktionsteknik\dh2670-haptic-minecraft\chai3d-3.3.0\obj\debug\x64\jdinput.obj
c:\users\sofia\desktop\kth\årskurs 5\läsperiod 4\dh2670 haptisk och taktil interaktionsteknik\dh2670-haptic-minecraft\chai3d-3.3.0\obj\debug\x64\jdmainct.obj
c:\users\sofia\desktop\kth\årskurs 5\läsperiod 4\dh2670 haptisk och taktil interaktionsteknik\dh2670-haptic-minecraft\chai3d-3.3.0\obj\debug\x64\jdmarker.obj
c:\users\sofia\desktop\kth\årskurs 5\läsperiod 4\dh2670 haptisk och taktil interaktionsteknik\dh2670-haptic-minecraft\chai3d-3.3.0\obj\debug\x64\jdmaster.obj
c:\users\sofia\desktop\kth\årskurs 5\läsperiod 4\dh2670 haptisk och taktil interaktionsteknik\dh2670-haptic-minecraft\chai3d-3.3.0\obj\debug\x64\jdmerge.obj
c:\users\sofia\desktop\kth\årskurs 5\läsperiod 4\dh2670 haptisk och taktil interaktionsteknik\dh2670-haptic-minecraft\chai3d-3.3.0\obj\debug\x64\jdpostct.obj
c:\users\sofia\desktop\kth\årskurs 5\läsperiod 4\dh2670 haptisk och taktil interaktionsteknik\dh2670-haptic-minecraft\chai3d-3.3.0\obj\debug\x64\jdsample.obj
c:\users\sofia\desktop\kth\årskurs 5\läsperiod 4\dh2670 haptisk och taktil interaktionsteknik\dh2670-haptic-minecraft\chai3d-3.3.0\obj\debug\x64\jdtrans.obj
c:\users\sofia\desktop\kth\årskurs 5\läsperiod 4\dh2670 haptisk och taktil interaktionsteknik\dh2670-haptic-minecraft\chai3d-3.3.0\obj\debug\x64\jerror.obj
c:\users\sofia\desktop\kth\årskurs 5\läsperiod 4\dh2670 haptisk och taktil interaktionsteknik\dh2670-haptic-minecraft\chai3d-3.3.0\obj\debug\x64\jfdctflt.obj
c:\users\sofia\desktop\kth\årskurs 5\läsperiod 4\dh2670 haptisk och taktil interaktionsteknik\dh2670-haptic-minecraft\chai3d-3.3.0\obj\debug\x64\jfdctfst.obj
c:\users\sofia\desktop\kth\årskurs 5\läsperiod 4\dh2670 haptisk och taktil interaktionsteknik\dh2670-haptic-minecraft\chai3d-3.3.0\obj\debug\x64\jfdctint.obj
c:\users\sofia\desktop\kth\årskurs 5\läsperiod 4\dh2670 haptisk och taktil interaktionsteknik\dh2670-haptic-minecraft\chai3d-3.3.0\obj\debug\x64\jidctflt.obj
c:\users\sofia\desktop\kth\årskurs 5\läsperiod 4\dh2670 haptisk och taktil interaktionsteknik\dh2670-haptic-minecraft\chai3d-3.3.0\obj\debug\x64\jidctfst.obj
c:\users\sofia\desktop\kth\årskurs 5\läsperiod 4\dh2670 haptisk och taktil interaktionsteknik\dh2670-haptic-minecraft\chai3d-3.3.0\obj\debug\x64\jidctint.obj
c:\users\sofia\desktop\kth\årskurs 5\läsperiod 4\dh2670 haptisk och taktil interaktionsteknik\dh2670-haptic-minecraft\chai3d-3.3.0\obj\debug\x64\jmemansi.obj
c:\users\sofia\desktop\kth\årskurs 5\läsperiod 4\dh2670 haptisk och taktil interaktionsteknik\dh2670-haptic-minecraft\chai3d-3.3.0\obj\debug\x64\jmemmgr.obj
c:\users\sofia\desktop\kth\årskurs 5\läsperiod 4\dh2670 haptisk och taktil interaktionsteknik\dh2670-haptic-minecraft\chai3d-3.3.0\obj\debug\x64\jmemnobs.obj
c:\users\sofia\desktop\kth\årskurs 5\läsperiod 4\dh2670 haptisk och taktil interaktionsteknik\dh2670-haptic-minecraft\chai3d-3.3.0\obj\debug\x64\jquant1.obj
c:\users\sofia\desktop\kth\årskurs 5\läsperiod 4\dh2670 haptisk och taktil interaktionsteknik\dh2670-haptic-minecraft\chai3d-3.3.0\obj\debug\x64\jquant2.obj
c:\users\sofia\desktop\kth\årskurs 5\läsperiod 4\dh2670 haptisk och taktil interaktionsteknik\dh2670-haptic-minecraft\chai3d-3.3.0\obj\debug\x64\jutils.obj
c:\users\sofia\desktop\kth\årskurs 5\läsperiod 4\dh2670 haptisk och taktil interaktionsteknik\dh2670-haptic-minecraft\chai3d-3.3.0\obj\debug\x64\lib3ds_atmosphere.obj
c:\users\sofia\desktop\kth\årskurs 5\läsperiod 4\dh2670 haptisk och taktil interaktionsteknik\dh2670-haptic-minecraft\chai3d-3.3.0\obj\debug\x64\lib3ds_background.obj
c:\users\sofia\desktop\kth\årskurs 5\läsperiod 4\dh2670 haptisk och taktil interaktionsteknik\dh2670-haptic-minecraft\chai3d-3.3.0\obj\debug\x64\lib3ds_camera.obj
c:\users\sofia\desktop\kth\årskurs 5\läsperiod 4\dh2670 haptisk och taktil interaktionsteknik\dh2670-haptic-minecraft\chai3d-3.3.0\obj\debug\x64\lib3ds_chunk.obj
c:\users\sofia\desktop\kth\årskurs 5\läsperiod 4\dh2670 haptisk och taktil interaktionsteknik\dh2670-haptic-minecraft\chai3d-3.3.0\obj\debug\x64\lib3ds_chunktable.obj
c:\users\sofia\desktop\kth\årskurs 5\läsperiod 4\dh2670 haptisk och taktil interaktionsteknik\dh2670-haptic-minecraft\chai3d-3.3.0\obj\debug\x64\lib3ds_file.obj
c:\users\sofia\desktop\kth\årskurs 5\läsperiod 4\dh2670 haptisk och taktil interaktionsteknik\dh2670-haptic-minecraft\chai3d-3.3.0\obj\debug\x64\lib3ds_io.obj
c:\users\sofia\desktop\kth\årskurs 5\läsperiod 4\dh2670 haptisk och taktil interaktionsteknik\dh2670-haptic-minecraft\chai3d-3.3.0\obj\debug\x64\lib3ds_light.obj
c:\users\sofia\desktop\kth\årskurs 5\läsperiod 4\dh2670 haptisk och taktil interaktionsteknik\dh2670-haptic-minecraft\chai3d-3.3.0\obj\debug\x64\lib3ds_material.obj
c:\users\sofia\desktop\kth\årskurs 5\läsperiod 4\dh2670 haptisk och taktil interaktionsteknik\dh2670-haptic-minecraft\chai3d-3.3.0\obj\debug\x64\lib3ds_math.obj
c:\users\sofia\desktop\kth\årskurs 5\läsperiod 4\dh2670 haptisk och taktil interaktionsteknik\dh2670-haptic-minecraft\chai3d-3.3.0\obj\debug\x64\lib3ds_matrix.obj
c:\users\sofia\desktop\kth\årskurs 5\läsperiod 4\dh2670 haptisk och taktil interaktionsteknik\dh2670-haptic-minecraft\chai3d-3.3.0\obj\debug\x64\lib3ds_mesh.obj
c:\users\sofia\desktop\kth\årskurs 5\läsperiod 4\dh2670 haptisk och taktil interaktionsteknik\dh2670-haptic-minecraft\chai3d-3.3.0\obj\debug\x64\lib3ds_node.obj
c:\users\sofia\desktop\kth\årskurs 5\läsperiod 4\dh2670 haptisk och taktil interaktionsteknik\dh2670-haptic-minecraft\chai3d-3.3.0\obj\debug\x64\lib3ds_quat.obj
c:\users\sofia\desktop\kth\årskurs 5\läsperiod 4\dh2670 haptisk och taktil interaktionsteknik\dh2670-haptic-minecraft\chai3d-3.3.0\obj\debug\x64\lib3ds_shadow.obj
c:\users\sofia\desktop\kth\årskurs 5\läsperiod 4\dh2670 haptisk och taktil interaktionsteknik\dh2670-haptic-minecraft\chai3d-3.3.0\obj\debug\x64\lib3ds_track.obj
c:\users\sofia\desktop\kth\årskurs 5\läsperiod 4\dh2670 haptisk och taktil interaktionsteknik\dh2670-haptic-minecraft\chai3d-3.3.0\obj\debug\x64\lib3ds_util.obj
c:\users\sofia\desktop\kth\årskurs 5\läsperiod 4\dh2670 haptisk och taktil interaktionsteknik\dh2670-haptic-minecraft\chai3d-3.3.0\obj\debug\x64\lib3ds_vector.obj
c:\users\sofia\desktop\kth\årskurs 5\läsperiod 4\dh2670 haptisk och taktil interaktionsteknik\dh2670-haptic-minecraft\chai3d-3.3.0\obj\debug\x64\lib3ds_viewport.obj
c:\users\sofia\desktop\kth\årskurs 5\läsperiod 4\dh2670 haptisk och taktil interaktionsteknik\dh2670-haptic-minecraft\chai3d-3.3.0\obj\debug\x64\lookup.obj
c:\users\sofia\desktop\kth\årskurs 5\läsperiod 4\dh2670 haptisk och taktil interaktionsteknik\dh2670-haptic-minecraft\chai3d-3.3.0\obj\debug\x64\loopback.obj
c:\users\sofia\desktop\kth\årskurs 5\läsperiod 4\dh2670 haptisk och taktil interaktionsteknik\dh2670-haptic-minecraft\chai3d-3.3.0\obj\debug\x64\lpc.obj
c:\users\sofia\desktop\kth\årskurs 5\läsperiod 4\dh2670 haptisk och taktil interaktionsteknik\dh2670-haptic-minecraft\chai3d-3.3.0\obj\debug\x64\lsp.obj
c:\users\sofia\desktop\kth\årskurs 5\läsperiod 4\dh2670 haptisk och taktil interaktionsteknik\dh2670-haptic-minecraft\chai3d-3.3.0\obj\debug\x64\mapping0.obj
c:\users\sofia\desktop\kth\årskurs 5\läsperiod 4\dh2670 haptisk och taktil interaktionsteknik\dh2670-haptic-minecraft\chai3d-3.3.0\obj\debug\x64\mathops.obj
c:\users\sofia\desktop\kth\årskurs 5\läsperiod 4\dh2670 haptisk och taktil interaktionsteknik\dh2670-haptic-minecraft\chai3d-3.3.0\obj\debug\x64\mcenc.obj
c:\users\sofia\desktop\kth\årskurs 5\läsperiod 4\dh2670 haptisk och taktil interaktionsteknik\dh2670-haptic-minecraft\chai3d-3.3.0\obj\debug\x64\mdct.obj
c:\users\sofia\desktop\kth\årskurs 5\läsperiod 4\dh2670 haptisk och taktil interaktionsteknik\dh2670-haptic-minecraft\chai3d-3.3.0\obj\debug\x64\mixer.obj
c:\users\sofia\desktop\kth\årskurs 5\läsperiod 4\dh2670 haptisk och taktil interaktionsteknik\dh2670-haptic-minecraft\chai3d-3.3.0\obj\debug\x64\mixer_c.obj
c:\users\sofia\desktop\kth\årskurs 5\läsperiod 4\dh2670 haptisk och taktil interaktionsteknik\dh2670-haptic-minecraft\chai3d-3.3.0\obj\debug\x64\mixer_sse.obj
c:\users\sofia\desktop\kth\årskurs 5\läsperiod 4\dh2670 haptisk och taktil interaktionsteknik\dh2670-haptic-minecraft\chai3d-3.3.0\obj\debug\x64\mmdevapi.obj
c:\users\sofia\desktop\kth\årskurs 5\läsperiod 4\dh2670 haptisk och taktil interaktionsteknik\dh2670-haptic-minecraft\chai3d-3.3.0\obj\debug\x64\mmxencfrag.obj
c:\users\sofia\desktop\kth\årskurs 5\läsperiod 4\dh2670 haptisk och taktil interaktionsteknik\dh2670-haptic-minecraft\chai3d-3.3.0\obj\debug\x64\mmxfdct.obj
c:\users\sofia\desktop\kth\årskurs 5\läsperiod 4\dh2670 haptisk och taktil interaktionsteknik\dh2670-haptic-minecraft\chai3d-3.3.0\obj\debug\x64\mmxfrag.obj
c:\users\sofia\desktop\kth\årskurs 5\läsperiod 4\dh2670 haptisk och taktil interaktionsteknik\dh2670-haptic-minecraft\chai3d-3.3.0\obj\debug\x64\mmxidct.obj
c:\users\sofia\desktop\kth\årskurs 5\läsperiod 4\dh2670 haptisk och taktil interaktionsteknik\dh2670-haptic-minecraft\chai3d-3.3.0\obj\debug\x64\mmxstate.obj
c:\users\sofia\desktop\kth\årskurs 5\läsperiod 4\dh2670 haptisk och taktil interaktionsteknik\dh2670-haptic-minecraft\chai3d-3.3.0\obj\debug\x64\null.obj
c:\users\sofia\desktop\kth\årskurs 5\läsperiod 4\dh2670 haptisk och taktil interaktionsteknik\dh2670-haptic-minecraft\chai3d-3.3.0\obj\debug\x64\openal_audiointerface.obj
c:\users\sofia\desktop\kth\årskurs 5\läsperiod 4\dh2670 haptisk och taktil interaktionsteknik\dh2670-haptic-minecraft\chai3d-3.3.0\obj\debug\x64\panning.obj
c:\users\sofia\desktop\kth\årskurs 5\läsperiod 4\dh2670 haptisk och taktil interaktionsteknik\dh2670-haptic-minecraft\chai3d-3.3.0\obj\debug\x64\png.obj
c:\users\sofia\desktop\kth\årskurs 5\läsperiod 4\dh2670 haptisk och taktil interaktionsteknik\dh2670-haptic-minecraft\chai3d-3.3.0\obj\debug\x64\pngerror.obj
c:\users\sofia\desktop\kth\årskurs 5\läsperiod 4\dh2670 haptisk och taktil interaktionsteknik\dh2670-haptic-minecraft\chai3d-3.3.0\obj\debug\x64\pngget.obj
c:\users\sofia\desktop\kth\årskurs 5\läsperiod 4\dh2670 haptisk och taktil interaktionsteknik\dh2670-haptic-minecraft\chai3d-3.3.0\obj\debug\x64\pngmem.obj
c:\users\sofia\desktop\kth\årskurs 5\läsperiod 4\dh2670 haptisk och taktil interaktionsteknik\dh2670-haptic-minecraft\chai3d-3.3.0\obj\debug\x64\pngpread.obj
c:\users\sofia\desktop\kth\årskurs 5\läsperiod 4\dh2670 haptisk och taktil interaktionsteknik\dh2670-haptic-minecraft\chai3d-3.3.0\obj\debug\x64\pngread.obj
c:\users\sofia\desktop\kth\årskurs 5\läsperiod 4\dh2670 haptisk och taktil interaktionsteknik\dh2670-haptic-minecraft\chai3d-3.3.0\obj\debug\x64\pngrio.obj
c:\users\sofia\desktop\kth\årskurs 5\läsperiod 4\dh2670 haptisk och taktil interaktionsteknik\dh2670-haptic-minecraft\chai3d-3.3.0\obj\debug\x64\pngrtran.obj
c:\users\sofia\desktop\kth\årskurs 5\läsperiod 4\dh2670 haptisk och taktil interaktionsteknik\dh2670-haptic-minecraft\chai3d-3.3.0\obj\debug\x64\pngrutil.obj
c:\users\sofia\desktop\kth\årskurs 5\läsperiod 4\dh2670 haptisk och taktil interaktionsteknik\dh2670-haptic-minecraft\chai3d-3.3.0\obj\debug\x64\pngset.obj
c:\users\sofia\desktop\kth\årskurs 5\läsperiod 4\dh2670 haptisk och taktil interaktionsteknik\dh2670-haptic-minecraft\chai3d-3.3.0\obj\debug\x64\pngtrans.obj
c:\users\sofia\desktop\kth\årskurs 5\läsperiod 4\dh2670 haptisk och taktil interaktionsteknik\dh2670-haptic-minecraft\chai3d-3.3.0\obj\debug\x64\pngwio.obj
c:\users\sofia\desktop\kth\årskurs 5\läsperiod 4\dh2670 haptisk och taktil interaktionsteknik\dh2670-haptic-minecraft\chai3d-3.3.0\obj\debug\x64\pngwrite.obj
c:\users\sofia\desktop\kth\årskurs 5\läsperiod 4\dh2670 haptisk och taktil interaktionsteknik\dh2670-haptic-minecraft\chai3d-3.3.0\obj\debug\x64\pngwtran.obj
c:\users\sofia\desktop\kth\årskurs 5\läsperiod 4\dh2670 haptisk och taktil interaktionsteknik\dh2670-haptic-minecraft\chai3d-3.3.0\obj\debug\x64\pngwutil.obj
c:\users\sofia\desktop\kth\årskurs 5\läsperiod 4\dh2670 haptisk och taktil interaktionsteknik\dh2670-haptic-minecraft\chai3d-3.3.0\obj\debug\x64\psy.obj
c:\users\sofia\desktop\kth\årskurs 5\läsperiod 4\dh2670 haptisk och taktil interaktionsteknik\dh2670-haptic-minecraft\chai3d-3.3.0\obj\debug\x64\qprintf.obj
c:\users\sofia\desktop\kth\årskurs 5\läsperiod 4\dh2670 haptisk och taktil interaktionsteknik\dh2670-haptic-minecraft\chai3d-3.3.0\obj\debug\x64\quant.obj
c:\users\sofia\desktop\kth\årskurs 5\läsperiod 4\dh2670 haptisk och taktil interaktionsteknik\dh2670-haptic-minecraft\chai3d-3.3.0\obj\debug\x64\quantize.obj
c:\users\sofia\desktop\kth\årskurs 5\läsperiod 4\dh2670 haptisk och taktil interaktionsteknik\dh2670-haptic-minecraft\chai3d-3.3.0\obj\debug\x64\rate.obj
c:\users\sofia\desktop\kth\årskurs 5\läsperiod 4\dh2670 haptisk och taktil interaktionsteknik\dh2670-haptic-minecraft\chai3d-3.3.0\obj\debug\x64\registry.obj
c:\users\sofia\desktop\kth\årskurs 5\läsperiod 4\dh2670 haptisk och taktil interaktionsteknik\dh2670-haptic-minecraft\chai3d-3.3.0\obj\debug\x64\res0.obj
c:\users\sofia\desktop\kth\årskurs 5\läsperiod 4\dh2670 haptisk och taktil interaktionsteknik\dh2670-haptic-minecraft\chai3d-3.3.0\obj\debug\x64\rtmidi.obj
c:\users\sofia\desktop\kth\årskurs 5\läsperiod 4\dh2670 haptisk och taktil interaktionsteknik\dh2670-haptic-minecraft\chai3d-3.3.0\obj\debug\x64\sharedbook.obj
c:\users\sofia\desktop\kth\årskurs 5\läsperiod 4\dh2670 haptisk och taktil interaktionsteknik\dh2670-haptic-minecraft\chai3d-3.3.0\obj\debug\x64\smallft.obj
c:\users\sofia\desktop\kth\årskurs 5\läsperiod 4\dh2670 haptisk och taktil interaktionsteknik\dh2670-haptic-minecraft\chai3d-3.3.0\obj\debug\x64\state.obj
c:\users\sofia\desktop\kth\årskurs 5\läsperiod 4\dh2670 haptisk och taktil interaktionsteknik\dh2670-haptic-minecraft\chai3d-3.3.0\obj\debug\x64\synthesis.obj
c:\users\sofia\desktop\kth\årskurs 5\läsperiod 4\dh2670 haptisk och taktil interaktionsteknik\dh2670-haptic-minecraft\chai3d-3.3.0\obj\debug\x64\theoraasync.obj
c:\users\sofia\desktop\kth\årskurs 5\läsperiod 4\dh2670 haptisk och taktil interaktionsteknik\dh2670-haptic-minecraft\chai3d-3.3.0\obj\debug\x64\theoraaudiointerface.obj
c:\users\sofia\desktop\kth\årskurs 5\läsperiod 4\dh2670 haptisk och taktil interaktionsteknik\dh2670-haptic-minecraft\chai3d-3.3.0\obj\debug\x64\theoraaudiopacketqueue.obj
c:\users\sofia\desktop\kth\årskurs 5\läsperiod 4\dh2670 haptisk och taktil interaktionsteknik\dh2670-haptic-minecraft\chai3d-3.3.0\obj\debug\x64\theoradatasource.obj
c:\users\sofia\desktop\kth\årskurs 5\läsperiod 4\dh2670 haptisk och taktil interaktionsteknik\dh2670-haptic-minecraft\chai3d-3.3.0\obj\debug\x64\theoraexception.obj
c:\users\sofia\desktop\kth\årskurs 5\läsperiod 4\dh2670 haptisk och taktil interaktionsteknik\dh2670-haptic-minecraft\chai3d-3.3.0\obj\debug\x64\theoraframequeue.obj
c:\users\sofia\desktop\kth\årskurs 5\läsperiod 4\dh2670 haptisk och taktil interaktionsteknik\dh2670-haptic-minecraft\chai3d-3.3.0\obj\debug\x64\theoratimer.obj
c:\users\sofia\desktop\kth\årskurs 5\läsperiod 4\dh2670 haptisk och taktil interaktionsteknik\dh2670-haptic-minecraft\chai3d-3.3.0\obj\debug\x64\theorautil.obj
c:\users\sofia\desktop\kth\årskurs 5\läsperiod 4\dh2670 haptisk och taktil interaktionsteknik\dh2670-haptic-minecraft\chai3d-3.3.0\obj\debug\x64\theoravideoclip.obj
c:\users\sofia\desktop\kth\årskurs 5\läsperiod 4\dh2670 haptisk och taktil interaktionsteknik\dh2670-haptic-minecraft\chai3d-3.3.0\obj\debug\x64\theoravideoclip_theora.obj
c:\users\sofia\desktop\kth\årskurs 5\läsperiod 4\dh2670 haptisk och taktil interaktionsteknik\dh2670-haptic-minecraft\chai3d-3.3.0\obj\debug\x64\theoravideoframe.obj
c:\users\sofia\desktop\kth\årskurs 5\läsperiod 4\dh2670 haptisk och taktil interaktionsteknik\dh2670-haptic-minecraft\chai3d-3.3.0\obj\debug\x64\theoravideomanager.obj
c:\users\sofia\desktop\kth\årskurs 5\läsperiod 4\dh2670 haptisk och taktil interaktionsteknik\dh2670-haptic-minecraft\chai3d-3.3.0\obj\debug\x64\theoraworkerthread.obj
c:\users\sofia\desktop\kth\årskurs 5\läsperiod 4\dh2670 haptisk och taktil interaktionsteknik\dh2670-haptic-minecraft\chai3d-3.3.0\obj\debug\x64\tokenize.obj
c:\users\sofia\desktop\kth\årskurs 5\läsperiod 4\dh2670 haptisk och taktil interaktionsteknik\dh2670-haptic-minecraft\chai3d-3.3.0\obj\debug\x64\trees.obj
c:\users\sofia\desktop\kth\årskurs 5\läsperiod 4\dh2670 haptisk och taktil interaktionsteknik\dh2670-haptic-minecraft\chai3d-3.3.0\obj\debug\x64\uncompr.obj
c:\users\sofia\desktop\kth\årskurs 5\läsperiod 4\dh2670 haptisk och taktil interaktionsteknik\dh2670-haptic-minecraft\chai3d-3.3.0\obj\debug\x64\vorbisenc.obj
c:\users\sofia\desktop\kth\årskurs 5\läsperiod 4\dh2670 haptisk och taktil interaktionsteknik\dh2670-haptic-minecraft\chai3d-3.3.0\obj\debug\x64\vorbisfile.obj
c:\users\sofia\desktop\kth\årskurs 5\läsperiod 4\dh2670 haptisk och taktil interaktionsteknik\dh2670-haptic-minecraft\chai3d-3.3.0\obj\debug\x64\wave.obj
c:\users\sofia\desktop\kth\årskurs 5\läsperiod 4\dh2670 haptisk och taktil interaktionsteknik\dh2670-haptic-minecraft\chai3d-3.3.0\obj\debug\x64\window.obj
c:\users\sofia\desktop\kth\årskurs 5\läsperiod 4\dh2670 haptisk och taktil interaktionsteknik\dh2670-haptic-minecraft\chai3d-3.3.0\obj\debug\x64\winmm.obj
c:\users\sofia\desktop\kth\årskurs 5\läsperiod 4\dh2670 haptisk och taktil interaktionsteknik\dh2670-haptic-minecraft\chai3d-3.3.0\obj\debug\x64\x86cpu.obj
c:\users\sofia\desktop\kth\årskurs 5\läsperiod 4\dh2670 haptisk och taktil interaktionsteknik\dh2670-haptic-minecraft\chai3d-3.3.0\obj\debug\x64\x86enc.obj
c:\users\sofia\desktop\kth\årskurs 5\läsperiod 4\dh2670 haptisk och taktil interaktionsteknik\dh2670-haptic-minecraft\chai3d-3.3.0\obj\debug\x64\x86state.obj
c:\users\sofia\desktop\kth\årskurs 5\läsperiod 4\dh2670 haptisk och taktil interaktionsteknik\dh2670-haptic-minecraft\chai3d-3.3.0\obj\debug\x64\yuv420_grey_c.obj
c:\users\sofia\desktop\kth\årskurs 5\läsperiod 4\dh2670 haptisk och taktil interaktionsteknik\dh2670-haptic-minecraft\chai3d-3.3.0\obj\debug\x64\yuv420_rgb_c.obj
c:\users\sofia\desktop\kth\årskurs 5\läsperiod 4\dh2670 haptisk och taktil interaktionsteknik\dh2670-haptic-minecraft\chai3d-3.3.0\obj\debug\x64\yuv420_yuv_c.obj
c:\users\sofia\desktop\kth\årskurs 5\läsperiod 4\dh2670 haptisk och taktil interaktionsteknik\dh2670-haptic-minecraft\chai3d-3.3.0\obj\debug\x64\yuv_util.obj
c:\users\sofia\desktop\kth\årskurs 5\läsperiod 4\dh2670 haptisk och taktil interaktionsteknik\dh2670-haptic-minecraft\chai3d-3.3.0\obj\debug\x64\zutil.obj
c:\users\sofia\desktop\kth\årskurs 5\läsperiod 4\dh2670 haptisk och taktil interaktionsteknik\dh2670-haptic-minecraft\chai3d-3.3.0\obj\debug\x64\chai3d-bullet.tlog\cl.command.1.tlog
c:\users\sofia\desktop\kth\årskurs 5\läsperiod 4\dh2670 haptisk och taktil interaktionsteknik\dh2670-haptic-minecraft\chai3d-3.3.0\obj\debug\x64\chai3d-bullet.tlog\cl.items.tlog
c:\users\sofia\desktop\kth\årskurs 5\läsperiod 4\dh2670 haptisk och taktil interaktionsteknik\dh2670-haptic-minecraft\chai3d-3.3.0\obj\debug\x64\chai3d-bullet.tlog\cl.read.1.tlog
c:\users\sofia\desktop\kth\årskurs 5\läsperiod 4\dh2670 haptisk och taktil interaktionsteknik\dh2670-haptic-minecraft\chai3d-3.3.0\obj\debug\x64\chai3d-bullet.tlog\cl.write.1.tlog
c:\users\sofia\desktop\kth\årskurs 5\läsperiod 4\dh2670 haptisk och taktil interaktionsteknik\dh2670-haptic-minecraft\chai3d-3.3.0\obj\debug\x64\chai3d-bullet.tlog\custombuildstep.read.1u.tlog
c:\users\sofia\desktop\kth\årskurs 5\läsperiod 4\dh2670 haptisk och taktil interaktionsteknik\dh2670-haptic-minecraft\chai3d-3.3.0\obj\debug\x64\chai3d-bullet.tlog\custombuildstep.write.1u.tlog
c:\users\sofia\desktop\kth\årskurs 5\läsperiod 4\dh2670 haptisk och taktil interaktionsteknik\dh2670-haptic-minecraft\chai3d-3.3.0\obj\debug\x64\chai3d-bullet.tlog\lib-link.read.1.tlog
c:\users\sofia\desktop\kth\årskurs 5\läsperiod 4\dh2670 haptisk och taktil interaktionsteknik\dh2670-haptic-minecraft\chai3d-3.3.0\obj\debug\x64\chai3d-bullet.tlog\lib-link.write.1.tlog
c:\users\sofia\desktop\kth\årskurs 5\läsperiod 4\dh2670 haptisk och taktil interaktionsteknik\dh2670-haptic-minecraft\chai3d-3.3.0\obj\debug\x64\chai3d-bullet.tlog\lib.command.1.tlog
