  context.c
  egl_context.c
  osmesa_context.c
  init.c
  input.c
  monitor.c
  vulkan.c
  wgl_context.c
  win32_init.c
  win32_joystick.c
  win32_monitor.c
  win32_time.c
  win32_thread.c
  win32_window.c
  window.c
  null_init.c
  null_joystick.c
  null_monitor.c
  null_window.c
  platform.c
  Generating Code...
  Compiling...
  win32_module.c
  Generating Code...
  GLFW-VS2017.vcxproj -> C:\Users\sofia\Desktop\KTH\Årskurs 5\Läsperiod 4\DH2670 Haptisk och taktil interaktionsteknik\chai3d-3.3.0\extras\GLFW\lib\Debug\x64\GLFW.lib
