c:\users\sofia\desktop\kth\årskurs 5\läsperiod 4\dh2670 haptisk och taktil interaktionsteknik\dh2670-haptic-minecraft\chai3d-3.3.0\extras\glfw\lib\debug\x64\glfw.bsc
c:\users\sofia\desktop\kth\årskurs 5\läsperiod 4\dh2670 haptisk och taktil interaktionsteknik\dh2670-haptic-minecraft\chai3d-3.3.0\extras\glfw\lib\debug\x64\glfw.pdb
c:\users\sofia\desktop\kth\årskurs 5\läsperiod 4\dh2670 haptisk och taktil interaktionsteknik\dh2670-haptic-minecraft\chai3d-3.3.0\extras\glfw\obj\debug\x64\context.sbr
c:\users\sofia\desktop\kth\årskurs 5\läsperiod 4\dh2670 haptisk och taktil interaktionsteknik\dh2670-haptic-minecraft\chai3d-3.3.0\extras\glfw\obj\debug\x64\egl_context.sbr
c:\users\sofia\desktop\kth\årskurs 5\läsperiod 4\dh2670 haptisk och taktil interaktionsteknik\dh2670-haptic-minecraft\chai3d-3.3.0\extras\glfw\obj\debug\x64\osmesa_context.sbr
c:\users\sofia\desktop\kth\årskurs 5\läsperiod 4\dh2670 haptisk och taktil interaktionsteknik\dh2670-haptic-minecraft\chai3d-3.3.0\extras\glfw\obj\debug\x64\init.sbr
c:\users\sofia\desktop\kth\årskurs 5\läsperiod 4\dh2670 haptisk och taktil interaktionsteknik\dh2670-haptic-minecraft\chai3d-3.3.0\extras\glfw\obj\debug\x64\input.sbr
c:\users\sofia\desktop\kth\årskurs 5\läsperiod 4\dh2670 haptisk och taktil interaktionsteknik\dh2670-haptic-minecraft\chai3d-3.3.0\extras\glfw\obj\debug\x64\monitor.sbr
c:\users\sofia\desktop\kth\årskurs 5\läsperiod 4\dh2670 haptisk och taktil interaktionsteknik\dh2670-haptic-minecraft\chai3d-3.3.0\extras\glfw\obj\debug\x64\vulkan.sbr
c:\users\sofia\desktop\kth\årskurs 5\läsperiod 4\dh2670 haptisk och taktil interaktionsteknik\dh2670-haptic-minecraft\chai3d-3.3.0\extras\glfw\obj\debug\x64\wgl_context.sbr
c:\users\sofia\desktop\kth\årskurs 5\läsperiod 4\dh2670 haptisk och taktil interaktionsteknik\dh2670-haptic-minecraft\chai3d-3.3.0\extras\glfw\obj\debug\x64\win32_init.sbr
c:\users\sofia\desktop\kth\årskurs 5\läsperiod 4\dh2670 haptisk och taktil interaktionsteknik\dh2670-haptic-minecraft\chai3d-3.3.0\extras\glfw\obj\debug\x64\win32_joystick.sbr
c:\users\sofia\desktop\kth\årskurs 5\läsperiod 4\dh2670 haptisk och taktil interaktionsteknik\dh2670-haptic-minecraft\chai3d-3.3.0\extras\glfw\obj\debug\x64\win32_monitor.sbr
c:\users\sofia\desktop\kth\årskurs 5\läsperiod 4\dh2670 haptisk och taktil interaktionsteknik\dh2670-haptic-minecraft\chai3d-3.3.0\extras\glfw\obj\debug\x64\win32_time.sbr
c:\users\sofia\desktop\kth\årskurs 5\läsperiod 4\dh2670 haptisk och taktil interaktionsteknik\dh2670-haptic-minecraft\chai3d-3.3.0\extras\glfw\obj\debug\x64\win32_thread.sbr
c:\users\sofia\desktop\kth\årskurs 5\läsperiod 4\dh2670 haptisk och taktil interaktionsteknik\dh2670-haptic-minecraft\chai3d-3.3.0\extras\glfw\obj\debug\x64\win32_window.sbr
c:\users\sofia\desktop\kth\årskurs 5\läsperiod 4\dh2670 haptisk och taktil interaktionsteknik\dh2670-haptic-minecraft\chai3d-3.3.0\extras\glfw\obj\debug\x64\window.sbr
c:\users\sofia\desktop\kth\årskurs 5\läsperiod 4\dh2670 haptisk och taktil interaktionsteknik\dh2670-haptic-minecraft\chai3d-3.3.0\extras\glfw\obj\debug\x64\null_init.sbr
c:\users\sofia\desktop\kth\årskurs 5\läsperiod 4\dh2670 haptisk och taktil interaktionsteknik\dh2670-haptic-minecraft\chai3d-3.3.0\extras\glfw\obj\debug\x64\null_joystick.sbr
c:\users\sofia\desktop\kth\årskurs 5\läsperiod 4\dh2670 haptisk och taktil interaktionsteknik\dh2670-haptic-minecraft\chai3d-3.3.0\extras\glfw\obj\debug\x64\null_monitor.sbr
c:\users\sofia\desktop\kth\årskurs 5\läsperiod 4\dh2670 haptisk och taktil interaktionsteknik\dh2670-haptic-minecraft\chai3d-3.3.0\extras\glfw\obj\debug\x64\null_window.sbr
c:\users\sofia\desktop\kth\årskurs 5\läsperiod 4\dh2670 haptisk och taktil interaktionsteknik\dh2670-haptic-minecraft\chai3d-3.3.0\extras\glfw\obj\debug\x64\platform.sbr
c:\users\sofia\desktop\kth\årskurs 5\läsperiod 4\dh2670 haptisk och taktil interaktionsteknik\dh2670-haptic-minecraft\chai3d-3.3.0\extras\glfw\obj\debug\x64\platform.obj
c:\users\sofia\desktop\kth\årskurs 5\läsperiod 4\dh2670 haptisk och taktil interaktionsteknik\dh2670-haptic-minecraft\chai3d-3.3.0\extras\glfw\obj\debug\x64\null_window.obj
c:\users\sofia\desktop\kth\årskurs 5\läsperiod 4\dh2670 haptisk och taktil interaktionsteknik\dh2670-haptic-minecraft\chai3d-3.3.0\extras\glfw\obj\debug\x64\null_monitor.obj
c:\users\sofia\desktop\kth\årskurs 5\läsperiod 4\dh2670 haptisk och taktil interaktionsteknik\dh2670-haptic-minecraft\chai3d-3.3.0\extras\glfw\obj\debug\x64\null_joystick.obj
c:\users\sofia\desktop\kth\årskurs 5\läsperiod 4\dh2670 haptisk och taktil interaktionsteknik\dh2670-haptic-minecraft\chai3d-3.3.0\extras\glfw\obj\debug\x64\null_init.obj
c:\users\sofia\desktop\kth\årskurs 5\läsperiod 4\dh2670 haptisk och taktil interaktionsteknik\dh2670-haptic-minecraft\chai3d-3.3.0\extras\glfw\obj\debug\x64\window.obj
c:\users\sofia\desktop\kth\årskurs 5\läsperiod 4\dh2670 haptisk och taktil interaktionsteknik\dh2670-haptic-minecraft\chai3d-3.3.0\extras\glfw\obj\debug\x64\win32_window.obj
c:\users\sofia\desktop\kth\årskurs 5\läsperiod 4\dh2670 haptisk och taktil interaktionsteknik\dh2670-haptic-minecraft\chai3d-3.3.0\extras\glfw\obj\debug\x64\win32_thread.obj
c:\users\sofia\desktop\kth\årskurs 5\läsperiod 4\dh2670 haptisk och taktil interaktionsteknik\dh2670-haptic-minecraft\chai3d-3.3.0\extras\glfw\obj\debug\x64\win32_time.obj
c:\users\sofia\desktop\kth\årskurs 5\läsperiod 4\dh2670 haptisk och taktil interaktionsteknik\dh2670-haptic-minecraft\chai3d-3.3.0\extras\glfw\obj\debug\x64\win32_monitor.obj
c:\users\sofia\desktop\kth\årskurs 5\läsperiod 4\dh2670 haptisk och taktil interaktionsteknik\dh2670-haptic-minecraft\chai3d-3.3.0\extras\glfw\obj\debug\x64\win32_joystick.obj
c:\users\sofia\desktop\kth\årskurs 5\läsperiod 4\dh2670 haptisk och taktil interaktionsteknik\dh2670-haptic-minecraft\chai3d-3.3.0\extras\glfw\obj\debug\x64\win32_init.obj
c:\users\sofia\desktop\kth\årskurs 5\läsperiod 4\dh2670 haptisk och taktil interaktionsteknik\dh2670-haptic-minecraft\chai3d-3.3.0\extras\glfw\obj\debug\x64\wgl_context.obj
c:\users\sofia\desktop\kth\årskurs 5\läsperiod 4\dh2670 haptisk och taktil interaktionsteknik\dh2670-haptic-minecraft\chai3d-3.3.0\extras\glfw\obj\debug\x64\vulkan.obj
c:\users\sofia\desktop\kth\årskurs 5\läsperiod 4\dh2670 haptisk och taktil interaktionsteknik\dh2670-haptic-minecraft\chai3d-3.3.0\extras\glfw\obj\debug\x64\monitor.obj
c:\users\sofia\desktop\kth\årskurs 5\läsperiod 4\dh2670 haptisk och taktil interaktionsteknik\dh2670-haptic-minecraft\chai3d-3.3.0\extras\glfw\obj\debug\x64\input.obj
c:\users\sofia\desktop\kth\årskurs 5\läsperiod 4\dh2670 haptisk och taktil interaktionsteknik\dh2670-haptic-minecraft\chai3d-3.3.0\extras\glfw\obj\debug\x64\init.obj
c:\users\sofia\desktop\kth\årskurs 5\läsperiod 4\dh2670 haptisk och taktil interaktionsteknik\dh2670-haptic-minecraft\chai3d-3.3.0\extras\glfw\obj\debug\x64\osmesa_context.obj
c:\users\sofia\desktop\kth\årskurs 5\läsperiod 4\dh2670 haptisk och taktil interaktionsteknik\dh2670-haptic-minecraft\chai3d-3.3.0\extras\glfw\obj\debug\x64\egl_context.obj
c:\users\sofia\desktop\kth\årskurs 5\läsperiod 4\dh2670 haptisk och taktil interaktionsteknik\dh2670-haptic-minecraft\chai3d-3.3.0\extras\glfw\obj\debug\x64\context.obj
c:\users\sofia\desktop\kth\årskurs 5\läsperiod 4\dh2670 haptisk och taktil interaktionsteknik\dh2670-haptic-minecraft\chai3d-3.3.0\extras\glfw\obj\debug\x64\win32_module.sbr
c:\users\sofia\desktop\kth\årskurs 5\läsperiod 4\dh2670 haptisk och taktil interaktionsteknik\dh2670-haptic-minecraft\chai3d-3.3.0\extras\glfw\obj\debug\x64\win32_module.obj
c:\users\sofia\desktop\kth\årskurs 5\läsperiod 4\dh2670 haptisk och taktil interaktionsteknik\dh2670-haptic-minecraft\chai3d-3.3.0\extras\glfw\lib\debug\x64\glfw.lib
c:\users\sofia\desktop\kth\årskurs 5\läsperiod 4\dh2670 haptisk och taktil interaktionsteknik\dh2670-haptic-minecraft\chai3d-3.3.0\extras\glfw\obj\debug\x64\glfw.tlog\bscmake.command.1.tlog
c:\users\sofia\desktop\kth\årskurs 5\läsperiod 4\dh2670 haptisk och taktil interaktionsteknik\dh2670-haptic-minecraft\chai3d-3.3.0\extras\glfw\obj\debug\x64\glfw.tlog\bscmake.read.1.tlog
c:\users\sofia\desktop\kth\årskurs 5\läsperiod 4\dh2670 haptisk och taktil interaktionsteknik\dh2670-haptic-minecraft\chai3d-3.3.0\extras\glfw\obj\debug\x64\glfw.tlog\bscmake.write.1.tlog
c:\users\sofia\desktop\kth\årskurs 5\läsperiod 4\dh2670 haptisk och taktil interaktionsteknik\dh2670-haptic-minecraft\chai3d-3.3.0\extras\glfw\obj\debug\x64\glfw.tlog\cl.command.1.tlog
c:\users\sofia\desktop\kth\årskurs 5\läsperiod 4\dh2670 haptisk och taktil interaktionsteknik\dh2670-haptic-minecraft\chai3d-3.3.0\extras\glfw\obj\debug\x64\glfw.tlog\cl.items.tlog
c:\users\sofia\desktop\kth\årskurs 5\läsperiod 4\dh2670 haptisk och taktil interaktionsteknik\dh2670-haptic-minecraft\chai3d-3.3.0\extras\glfw\obj\debug\x64\glfw.tlog\cl.read.1.tlog
c:\users\sofia\desktop\kth\årskurs 5\läsperiod 4\dh2670 haptisk och taktil interaktionsteknik\dh2670-haptic-minecraft\chai3d-3.3.0\extras\glfw\obj\debug\x64\glfw.tlog\cl.write.1.tlog
c:\users\sofia\desktop\kth\årskurs 5\läsperiod 4\dh2670 haptisk och taktil interaktionsteknik\dh2670-haptic-minecraft\chai3d-3.3.0\extras\glfw\obj\debug\x64\glfw.tlog\lib-link.read.1.tlog
c:\users\sofia\desktop\kth\årskurs 5\läsperiod 4\dh2670 haptisk och taktil interaktionsteknik\dh2670-haptic-minecraft\chai3d-3.3.0\extras\glfw\obj\debug\x64\glfw.tlog\lib-link.write.1.tlog
c:\users\sofia\desktop\kth\årskurs 5\läsperiod 4\dh2670 haptisk och taktil interaktionsteknik\dh2670-haptic-minecraft\chai3d-3.3.0\extras\glfw\obj\debug\x64\glfw.tlog\lib.command.1.tlog
